08-13 03:13:40.250 D/ActivityManager(  639): freezing 3786 com.google.android.dialer
08-13 03:13:40.382 D/ActivityManager(  639): freezing 3892 com.google.android.rkpdapp
08-13 03:13:40.572 D/ActivityManager(  639): freezing 3761 com.google.android.photopicker
08-13 03:13:42.652 D/WindowManagerShell(  888): setLauncherKeepClearAreaHeight: visible=false, height=527
08-13 03:13:43.527 I/ActivityTaskManager(  639): START u0 {act=android.intent.action.MAIN cat=[android.intent.category.LAUNCHER] flg=0x10200000 cmp=com.wakeupoverlay/.MainActivity bnds=[293,1578][540,1893]} with LAUNCH_SINGLE_TASK from uid 10176 (sr=28243924) (BAL_ALLOW_VISIBLE_WINDOW) result code=0
08-13 03:13:43.527 V/WindowManagerShell(  888): Transition requested (#21): android.os.BinderProxy@e9f7850 TransitionRequestInfo { type = OPEN, triggerTask = TaskInfo{userId=0 taskId=50 effectiveUid=10211 displayId=0 isRunning=true baseIntent=Intent { act=android.intent.action.MAIN cat=[android.intent.category.LAUNCHER] flg=0x10200000 cmp=com.wakeupoverlay/.MainActivity } baseActivity=ComponentInfo{com.wakeupoverlay/com.wakeupoverlay.MainActivity} topActivity=ComponentInfo{com.wakeupoverlay/com.wakeupoverlay.MainActivity} origActivity=null realActivity=ComponentInfo{com.wakeupoverlay/com.wakeupoverlay.MainActivity} numActivities=1 lastActiveTime=326786 supportsMultiWindow=true resizeMode=1 isResizeable=true minWidth=-1 minHeight=-1 defaultMinSize=220 token=WCT{android.window.IWindowContainerToken$Stub$Proxy@e6eca49} topActivityType=1 pictureInPictureParams=null shouldDockBigOverlays=false launchIntoPipHostTaskId=-1 lastParentTaskIdBeforePip=-1 displayCutoutSafeInsets=Rect(0, 118 - 0, 0) topActivityInfo=ActivityInfo{4448f4e com.wakeupoverlay.MainActivity} launchCookies=[android.os.BinderProxy@92ef86f] positionInParent=Point(0, 0) parentTaskId=-1 isFocused=false isVisible=false isVisibleRequested=false isTopActivityNoDisplay=false isSleeping=false locusId=null displayAreaFeatureId=1 isTopActivityTransparent=false isActivityStackTransparent=false lastNonFullscreenBounds=Rect(278, 687 - 803, 1767) capturedLink=null capturedLinkTimestamp=0 requestedVisibleTypes=-9 topActivityRequestOpenInBrowserEducationTimestamp=0 appCompatTaskInfo=AppCompatTaskInfo { topActivityInSizeCompat=false eligibleForLetterboxEducation= false isLetterboxEducationEnabled= true isLetterboxDoubleTapEnabled= false eligibleForUserAspectRatioButton= false topActivityBoundsLetterboxed= false isFromLetterboxDoubleTap= false topActivityLetterboxVerticalPosition= -1 topActivityLetterboxHorizontalPosition= -1 topActivityLetterboxWidth=-1 topActivityLetterboxHeight=-1 topActivityAppBounds=Rect(0, 118 - 1080, 2337) isUserFullscreenOverrideEnabled=false isSystemFullscreenOverrideEnabled=false hasMinAspectRatioOverride=false topActivityLetterboxBounds=null cameraCompatTaskInfo=CameraCompatTaskInfo { freeformCameraCompatMode=inactive}} topActivityMainWindowFrame=null}, pipChange = null, remoteTransition = RemoteTransition { remoteTransition = android.window.IRemoteTransition$Stub$Proxy@d8bc97c, appThread = android.app.IApplicationThread$Stub$Proxy@dd0c205, debugName = QuickstepLaunch }, displayChange = null, flags = 0, debugId = 21 }
08-13 03:13:43.528 V/WindowManagerShell(  888): RemoteTransition directly requested for (#21) android.os.BinderProxy@e9f7850: RemoteTransition { remoteTransition = android.window.IRemoteTransition$Stub$Proxy@d8bc97c, appThread = android.app.IApplicationThread$Stub$Proxy@dd0c205, debugName = QuickstepLaunch }
08-13 03:13:43.530 I/AppsFilter(  639): interaction: PackageSetting{ebb435b com.wakeupoverlay/10211} -> PackageSetting{bddc2cb com.google.android.apps.nexuslauncher/10176} BLOCKED
08-13 03:13:43.540 D/CoreBackPreview(  639): Window{7d6e93a u0 Splash Screen com.wakeupoverlay}: Setting back callback OnBackInvokedCallbackInfo{mCallback=android.window.IOnBackInvokedCallback$Stub$Proxy@68fa5e1, mPriority=0, mIsAnimationCallback=false, mOverrideBehavior=0}
08-13 03:13:43.566 V/WindowManager(  639): Sent Transition (#21) createdAt=08-13 03:13:43.521 via request=TransitionRequestInfo { type = OPEN, triggerTask = TaskInfo{userId=0 taskId=50 effectiveUid=10211 displayId=0 isRunning=true baseIntent=Intent { act=android.intent.action.MAIN cat=[android.intent.category.LAUNCHER] flg=0x10200000 cmp=com.wakeupoverlay/.MainActivity } baseActivity=ComponentInfo{com.wakeupoverlay/com.wakeupoverlay.MainActivity} topActivity=ComponentInfo{com.wakeupoverlay/com.wakeupoverlay.MainActivity} origActivity=null realActivity=ComponentInfo{com.wakeupoverlay/com.wakeupoverlay.MainActivity} numActivities=1 lastActiveTime=326786 supportsMultiWindow=true resizeMode=1 isResizeable=true minWidth=-1 minHeight=-1 defaultMinSize=220 token=WCT{RemoteToken{4d89360 Task{3a4aa9 #50 type=standard A=10211:com.wakeupoverlay}}} topActivityType=1 pictureInPictureParams=null shouldDockBigOverlays=false launchIntoPipHostTaskId=-1 lastParentTaskIdBeforePip=-1 displayCutoutSafeInsets=Rect(0, 118 - 0, 0) topActivityInfo=ActivityInfo{95e3019 com.wakeupoverlay.MainActivity} launchCookies=[android.os.BinderProxy@c1848de] positionInParent=Point(0, 0) parentTaskId=-1 isFocused=false isVisible=false isVisibleRequested=false isTopActivityNoDisplay=false isSleeping=false locusId=null displayAreaFeatureId=1 isTopActivityTransparent=false isActivityStackTransparent=false lastNonFullscreenBounds=Rect(278, 687 - 803, 1767) capturedLink=null capturedLinkTimestamp=0 requestedVisibleTypes=-9 topActivityRequestOpenInBrowserEducationTimestamp=0 appCompatTaskInfo=AppCompatTaskInfo { topActivityInSizeCompat=false eligibleForLetterboxEducation= false isLetterboxEducationEnabled= true isLetterboxDoubleTapEnabled= false eligibleForUserAspectRatioButton= false topActivityBoundsLetterboxed= false isFromLetterboxDoubleTap= false topActivityLetterboxVerticalPosition= -1 topActivityLetterboxHorizontalPosition= -1 topActivityLetterboxWidth=-1 topActivityLetterboxHeight=-1 topActivityAppBounds=Rect(0, 118 - 1080, 2337) isUserFullscreenOverrideEnabled=false isSystemFullscreenOverrideEnabled=false hasMinAspectRatioOverride=false topActivityLetterboxBounds=null cameraCompatTaskInfo=CameraCompatTaskInfo { freeformCameraCompatMode=inactive}} topActivityMainWindowFrame=null}, pipChange = null, remoteTransition = RemoteTransition { remoteTransition = android.window.IRemoteTransition$Stub$Proxy@63edabf, appThread = android.app.IApplicationThread$Stub$Proxy@e23858c, debugName = QuickstepLaunch }, displayChange = null, flags = 0, debugId = 21 }
08-13 03:13:43.566 V/WindowManager(  639):     startWCT=WindowContainerTransaction { changes= {} hops= [] errorCallbackToken=null taskFragmentOrganizer=null }
08-13 03:13:43.566 V/WindowManager(  639):     info={id=21 t=OPEN f=0x0 trk=0 r=[0@Point(0, 0)] c=[
08-13 03:13:43.566 V/WindowManager(  639):         {WCT{RemoteToken{4d89360 Task{3a4aa9 #50 type=standard A=10211:com.wakeupoverlay}}} m=OPEN f=NONE leash=Surface(name=Task=50)/@0x20d6592 sb=Rect(0, 0 - 1080, 2400) eb=Rect(0, 0 - 1080, 2400) epz=Point(1080, 2400) d=0 taskParent=-1},
08-13 03:13:43.566 V/WindowManager(  639):         {WCT{RemoteToken{12681ab Task{1dd4472 #1 type=home}}} m=TO_BACK f=SHOW_WALLPAPER leash=Surface(name=Task=1)/@0xf4ddbb9 sb=Rect(0, 0 - 1080, 2400) eb=Rect(0, 0 - 1080, 2400) epz=Point(1080, 2400) d=0 taskParent=-1},
08-13 03:13:43.566 V/WindowManager(  639):         {m=TO_BACK f=IS_WALLPAPER leash=Surface(name=WallpaperWindowToken{19151bb showWhenLocked=false})/@0x8868534 sb=Rect(0, 0 - 1080, 2400) eb=Rect(0, 0 - 1080, 2400) epz=Point(1080, 2400) d=0}
08-13 03:13:43.566 V/WindowManager(  639):     ]}
08-13 03:13:43.566 V/WindowManagerShell(  888): onTransitionReady(transaction=2744484102904)
08-13 03:13:43.566 V/WindowManagerShell(  888): onTransitionReady (#21) android.os.BinderProxy@e9f7850: {id=21 t=OPEN f=0x0 trk=0 r=[0@Point(0, 0)] c=[
08-13 03:13:43.566 V/WindowManagerShell(  888):         {m=OPEN f=NONE leash=Surface(name=Task=50)/@0xc1991f3 sb=Rect(0, 0 - 1080, 2400) eb=Rect(0, 0 - 1080, 2400) epz=Point(1080, 2400) d=0 taskParent=-1},
08-13 03:13:43.566 V/WindowManagerShell(  888):         {m=TO_BACK f=SHOW_WALLPAPER leash=Surface(name=Task=1)/@0x64d5eb0 sb=Rect(0, 0 - 1080, 2400) eb=Rect(0, 0 - 1080, 2400) epz=Point(1080, 2400) d=0 taskParent=-1},
08-13 03:13:43.566 V/WindowManagerShell(  888):         {m=TO_BACK f=IS_WALLPAPER leash=Surface(name=WallpaperWindowToken{19151bb showWhenLocked=false})/@0xdeb2129 sb=Rect(0, 0 - 1080, 2400) eb=Rect(0, 0 - 1080, 2400) epz=Point(1080, 2400) d=0}
08-13 03:13:43.566 V/WindowManagerShell(  888):     ]}
08-13 03:13:43.567 V/WindowManagerShell(  888): Playing animation for (#21) android.os.BinderProxy@e9f7850@0
08-13 03:13:43.567 V/WindowManagerShell(  888):  try firstHandler com.android.wm.shell.transition.DefaultMixedHandler@93b775a
08-13 03:13:43.567 V/WindowManagerShell(  888): Mixed transition for opening an intent with a remote transition and PIP or Desktop #21
08-13 03:13:43.567 V/WindowManagerShell(  888): tryAnimateOpenIntentWithRemoteAndPipOrDesktop
08-13 03:13:43.567 V/WindowManagerShell(  888):  Delegate animation for (#21) to RemoteTransition { remoteTransition = android.window.IRemoteTransition$Stub$Proxy@d8bc97c, appThread = android.app.IApplicationThread$Stub$Proxy@dd0c205, debugName = QuickstepLaunch }
08-13 03:13:43.569 V/WindowManagerShell(  888):  animated by firstHandler
08-13 03:13:43.572 D/CoreBackPreview(  639): Window{742abf4 u0 com.wakeupoverlay/com.wakeupoverlay.MainActivity}: Setting back callback OnBackInvokedCallbackInfo{mCallback=android.window.IOnBackInvokedCallback$Stub$Proxy@f496e78, mPriority=0, mIsAnimationCallback=false, mOverrideBehavior=0}
08-13 03:13:43.607 I/ActivityTaskManager(  639): Displayed com.wakeupoverlay/.MainActivity for user 0: +88ms
08-13 03:13:43.638 I/ImeTracker(  639): com.wakeupoverlay:458219b0: onRequestHide at ORIGIN_SERVER reason HIDE_UNSPECIFIED_WINDOW fromUser false
08-13 03:13:43.639 I/ImeTracker( 3977): com.wakeupoverlay:458219b0: onCancelled at PHASE_CLIENT_ALREADY_HIDDEN
08-13 03:13:43.644 I/GoogleInputMethodService( 2241): GoogleInputMethodService.onStartInput():1568 onStartInput(EditorInfo{EditorInfo{packageName=com.wakeupoverlay, inputType=0, inputTypeString=NULL, enableLearning=false, autoCorrection=false, autoComplete=false, imeOptions=0, privateImeOptions=null, actionName=UNSPECIFIED, actionLabel=null, initialSelStart=-1, initialSelEnd=-1, initialCapsMode=0, label=null, fieldId=0, fieldName=null, extras=null, hintText=null, hintLocales=[]}}, false)
08-13 03:13:43.647 W/PackageConfigPersister(  639): App-specific configuration not found for packageName: com.wakeupoverlay and userId: 0
08-13 03:13:43.987 D/CoreBackPreview(  639): Window{7d6e93a u0 Splash Screen com.wakeupoverlay EXITING}: Setting back callback null
08-13 03:13:44.103 V/WindowManagerShell(  888): Transition animation finished (aborted=false), notifying core (#21) android.os.BinderProxy@e9f7850@0
08-13 03:13:44.105 V/WindowManager(  639): Finish Transition (#21): created at 08-13 03:13:43.521 collect-started=0.169ms request-sent=5.882ms started=7.537ms ready=13.548ms sent=45.207ms commit=17.816ms finished=584.266ms
08-13 03:13:44.106 V/WindowManagerShell(  888): Track 0 became idle
08-13 03:13:44.106 V/WindowManagerShell(  888): All active transition animations finished
08-13 03:13:44.120 W/ActivityManager(  639): Unable to start service Intent { act=android.service.smartspace.SmartspaceService cmp=com.google.android.as/com.google.android.apps.miphone.aiai.app.AiAiSmartspaceService } U=0: not found
08-13 03:13:44.120 W/ActivityManager(  639): Unbind failed: could not find connection for android.app.LoadedApk$ServiceDispatcher$InnerConnection@c1141c0
08-13 03:13:44.133 V/WindowManagerShell(  888): Transition requested (#23): android.os.BinderProxy@1b4cc61 TransitionRequestInfo { type = CLOSE, triggerTask = null, pipChange = null, remoteTransition = RemoteTransition { remoteTransition = android.window.IRemoteTransition$Stub$Proxy@446c386, appThread = null, debugName = TaskFragmentComponent }, displayChange = null, flags = 0, debugId = 23 }
08-13 03:13:44.133 V/WindowManagerShell(  888): RemoteTransition directly requested for (#23) android.os.BinderProxy@1b4cc61: RemoteTransition { remoteTransition = android.window.IRemoteTransition$Stub$Proxy@446c386, appThread = null, debugName = TaskFragmentComponent }
08-13 03:13:44.135 W/ActivityManager(  639): Unable to start service Intent { act=android.service.search.SearchUiService cmp=com.google.android.as/com.google.android.apps.miphone.aiai.app.AiAiSearchUiService } U=0: not found
08-13 03:13:44.136 W/ActivityManager(  639): Unbind failed: could not find connection for android.app.LoadedApk$ServiceDispatcher$InnerConnection@da8b9ec
08-13 03:13:44.137 W/ActivityManager(  639): Unable to start service Intent { act=android.service.search.SearchUiService cmp=com.google.android.as/com.google.android.apps.miphone.aiai.app.AiAiSearchUiService } U=0: not found
08-13 03:13:44.137 W/ActivityManager(  639): Unbind failed: could not find connection for android.app.LoadedApk$ServiceDispatcher$InnerConnection@d40504a
08-13 03:13:44.184 W/ActivityManager(  639): Unable to start service Intent { act=android.service.search.SearchUiService cmp=com.google.android.as/com.google.android.apps.miphone.aiai.app.AiAiSearchUiService } U=0: not found
08-13 03:13:44.185 W/ActivityManager(  639): Unbind failed: could not find connection for android.app.LoadedApk$ServiceDispatcher$InnerConnection@ce9ba1
08-13 03:13:44.187 W/ActivityManager(  639): Unable to start service Intent { act=android.service.search.SearchUiService cmp=com.google.android.as/com.google.android.apps.miphone.aiai.app.AiAiSearchUiService } U=0: not found
08-13 03:13:44.187 W/ActivityManager(  639): Unbind failed: could not find connection for android.app.LoadedApk$ServiceDispatcher$InnerConnection@ff6cb4
08-13 03:13:44.199 V/WindowManager(  639): Queueing transition: TransitionRecord{a4e1dd9 id=-1 type=CHANGE flags=0x0 overrideAnimOptions=null}
08-13 03:13:44.227 V/WindowManagerShell(  888): onTransitionReady(transaction=2744484102963)
08-13 03:13:44.229 V/WindowManagerShell(  888): onTransitionReady (#23) android.os.BinderProxy@1b4cc61: {id=23 t=CLOSE f=0x0 trk=0 r=[] c=[]}
08-13 03:13:44.229 V/WindowManagerShell(  888): No transition roots in (#23) android.os.BinderProxy@1b4cc61@0 so abort
08-13 03:13:44.229 V/WindowManager(  639): Sent Transition (#23) createdAt=08-13 03:13:44.131 via request=TransitionRequestInfo { type = CLOSE, triggerTask = null, pipChange = null, remoteTransition = RemoteTransition { remoteTransition = android.window.IRemoteTransition$Stub$Proxy@6ce5338, appThread = null, debugName = TaskFragmentComponent }, displayChange = null, flags = 0, debugId = 23 }
08-13 03:13:44.230 V/WindowManager(  639):     startWCT=WindowContainerTransaction { changes= {} hops= [] errorCallbackToken=null taskFragmentOrganizer=null }
08-13 03:13:44.230 V/WindowManager(  639):     info={id=23 t=CLOSE f=0x0 trk=0 r=[] c=[]}
08-13 03:13:44.230 V/WindowManagerShell(  888): Transition animation finished (aborted=true), notifying core (#23) android.os.BinderProxy@1b4cc61@0
08-13 03:13:44.233 V/WindowManager(  639): Finish Transition (#23): created at 08-13 03:13:44.131 collect-started=0.091ms request-sent=1.265ms started=2.421ms ready=95.582ms sent=95.827ms finished=101.581ms
08-13 03:13:44.233 V/WindowManagerShell(  888): Track 0 became idle
08-13 03:13:44.233 V/WindowManagerShell(  888): All active transition animations finished
08-13 03:13:44.233 V/WindowManagerShell(  888): Transition requested (#24): android.os.BinderProxy@8dd3e0 TransitionRequestInfo { type = CHANGE, triggerTask = null, pipChange = null, remoteTransition = RemoteTransition { remoteTransition = android.window.IRemoteTransition$Stub$Proxy@231a699, appThread = null, debugName = TaskFragmentComponent }, displayChange = null, flags = 0, debugId = 24 }
08-13 03:13:44.233 V/WindowManagerShell(  888): RemoteTransition directly requested for (#24) android.os.BinderProxy@8dd3e0: RemoteTransition { remoteTransition = android.window.IRemoteTransition$Stub$Proxy@231a699, appThread = null, debugName = TaskFragmentComponent }
08-13 03:13:44.237 V/WindowManager(  639): Queueing transition: TransitionRecord{8b16ae4 id=-1 type=CLOSE flags=0x0 overrideAnimOptions=null}
08-13 03:13:44.240 V/WindowManager(  639): Sent Transition (#24) createdAt=08-13 03:13:44.199 via request=TransitionRequestInfo { type = CHANGE, triggerTask = null, pipChange = null, remoteTransition = RemoteTransition { remoteTransition = android.window.IRemoteTransition$Stub$Proxy@3eb9edc, appThread = null, debugName = TaskFragmentComponent }, displayChange = null, flags = 0, debugId = 24 }
08-13 03:13:44.240 V/WindowManager(  639):     startWCT=WindowContainerTransaction { changes= {} hops= [] errorCallbackToken=null taskFragmentOrganizer=null }
08-13 03:13:44.240 V/WindowManager(  639):     info={id=24 t=CHANGE f=0x0 trk=1 r=[] c=[]}
08-13 03:13:44.240 V/WindowManagerShell(  888): onTransitionReady(transaction=2744484102974)
08-13 03:13:44.240 V/WindowManagerShell(  888): onTransitionReady (#24) android.os.BinderProxy@8dd3e0: {id=24 t=CHANGE f=0x0 trk=1 r=[] c=[]}
08-13 03:13:44.240 V/WindowManagerShell(  888): No transition roots in (#24) android.os.BinderProxy@8dd3e0@1 so abort
08-13 03:13:44.241 V/WindowManagerShell(  888): Transition animation finished (aborted=true), notifying core (#24) android.os.BinderProxy@8dd3e0@1
08-13 03:13:44.242 V/WindowManager(  639): Finish Transition (#24): created at 08-13 03:13:44.199 collect-started=27.4ms request-sent=32.465ms started=35.32ms ready=39.713ms sent=40.164ms finished=42.639ms
08-13 03:13:44.243 V/WindowManagerShell(  888): Track 1 became idle
08-13 03:13:44.243 V/WindowManagerShell(  888): All active transition animations finished
08-13 03:13:44.243 V/WindowManagerShell(  888): Transition requested (#25): android.os.BinderProxy@33cbd5e TransitionRequestInfo { type = CLOSE, triggerTask = null, pipChange = null, remoteTransition = RemoteTransition { remoteTransition = android.window.IRemoteTransition$Stub$Proxy@743753f, appThread = null, debugName = TaskFragmentComponent }, displayChange = null, flags = 0, debugId = 25 }
08-13 03:13:44.243 V/WindowManagerShell(  888): RemoteTransition directly requested for (#25) android.os.BinderProxy@33cbd5e: RemoteTransition { remoteTransition = android.window.IRemoteTransition$Stub$Proxy@743753f, appThread = null, debugName = TaskFragmentComponent }
08-13 03:13:44.244 V/WindowManagerShell(  888): onTransitionReady(transaction=2744484102980)
08-13 03:13:44.244 V/WindowManagerShell(  888): onTransitionReady (#25) android.os.BinderProxy@33cbd5e: {id=25 t=CLOSE f=0x0 trk=2 r=[] c=[]}
08-13 03:13:44.244 V/WindowManager(  639): Sent Transition (#25) createdAt=08-13 03:13:44.237 via request=TransitionRequestInfo { type = CLOSE, triggerTask = null, pipChange = null, remoteTransition = RemoteTransition { remoteTransition = android.window.IRemoteTransition$Stub$Proxy@404e925, appThread = null, debugName = TaskFragmentComponent }, displayChange = null, flags = 0, debugId = 25 }
08-13 03:13:44.244 V/WindowManager(  639):     startWCT=WindowContainerTransaction { changes= {} hops= [] errorCallbackToken=null taskFragmentOrganizer=null }
08-13 03:13:44.244 V/WindowManager(  639):     info={id=25 t=CLOSE f=0x0 trk=2 r=[] c=[]}
08-13 03:13:44.245 V/WindowManagerShell(  888): No transition roots in (#25) android.os.BinderProxy@33cbd5e@2 so abort
08-13 03:13:44.245 V/WindowManagerShell(  888): Transition animation finished (aborted=true), notifying core (#25) android.os.BinderProxy@33cbd5e@2
08-13 03:13:44.247 V/WindowManager(  639): Finish Transition (#25): created at 08-13 03:13:44.237 collect-started=2.366ms request-sent=3.465ms started=5.321ms ready=5.312ms sent=6.325ms finished=9.035ms
08-13 03:13:44.247 V/WindowManagerShell(  888): Track 2 became idle
08-13 03:13:44.247 V/WindowManagerShell(  888): All active transition animations finished
08-13 03:13:45.405 D/ActivityManager(  639): freezing 3808 com.google.android.gms.unstable
08-13 03:13:54.232 V/WindowManagerShell(  888): Directly starting a new transition type=TO_FRONT wct=WindowContainerTransaction { changes= {} hops= [{pendingIntent: options=Bundle[{android.activity.splashScreenStyle=-1, android.activity.sourceInfo=Supplier{VAL_PARCELABLE@148+104}, android.pendingIntent.backgroundActivityAllowed=3, android:activity.animAbortListener=null, android.activity.transientLaunch=true}]}] errorCallbackToken=null taskFragmentOrganizer=null } handler=com.android.wm.shell.recents.RecentsTransitionHandler@7420303
08-13 03:13:54.267 D/ActivityManager(  639): sync unfroze 1597 com.google.android.googlequicksearchbox:search for 6
08-13 03:13:54.270 W/ActivityManager(  639): Unable to start service Intent { act=android.service.smartspace.SmartspaceService cmp=com.google.android.as/com.google.android.apps.miphone.aiai.app.AiAiSmartspaceService } U=0: not found
08-13 03:13:54.271 W/ActivityManager(  639): Unbind failed: could not find connection for android.app.LoadedApk$ServiceDispatcher$InnerConnection@dcf3e5a
08-13 03:13:54.310 V/WindowManagerShell(  888): onTransitionReady(transaction=2744484102996)
08-13 03:13:54.310 V/WindowManager(  639): Sent Transition (#26) createdAt=08-13 03:13:54.232
08-13 03:13:54.310 V/WindowManager(  639):     startWCT=WindowContainerTransaction { changes= {} hops= [{pendingIntent: options=Bundle[{android.activity.splashScreenStyle=-1, android.activity.sourceInfo=android.app.ActivityOptions$SourceInfo@57fe180, android.pendingIntent.backgroundActivityAllowed=3, android:activity.animAbortListener=null, android.activity.transientLaunch=true}]}] errorCallbackToken=null taskFragmentOrganizer=null }
08-13 03:13:54.310 V/WindowManager(  639):     info={id=26 t=TO_FRONT f=0x80 trk=0 r=[0@Point(0, 0)] c=[
08-13 03:13:54.310 V/WindowManager(  639):         {WCT{RemoteToken{12681ab Task{1dd4472 #1 type=home}}} m=TO_FRONT f=SHOW_WALLPAPER|MOVE_TO_TOP leash=Surface(name=Task=1)/@0xf4ddbb9 sb=Rect(0, 0 - 1080, 2400) eb=Rect(0, 0 - 1080, 2400) epz=Point(1080, 2400) d=0 taskParent=-1},
08-13 03:13:54.310 V/WindowManager(  639):         {WCT{RemoteToken{4d89360 Task{3a4aa9 #50 type=standard A=10211:com.wakeupoverlay}}} m=TO_BACK f=NONE leash=Surface(name=Task=50)/@0x20d6592 sb=Rect(0, 0 - 1080, 2400) eb=Rect(0, 0 - 1080, 2400) epz=Point(1080, 2400) d=0 taskParent=-1},
08-13 03:13:54.310 V/WindowManager(  639):         {m=TO_FRONT f=IS_WALLPAPER leash=Surface(name=WallpaperWindowToken{19151bb showWhenLocked=false})/@0x8868534 sb=Rect(0, 0 - 1080, 2400) eb=Rect(0, 0 - 1080, 2400) epz=Point(1080, 2400) d=0}
08-13 03:13:54.310 V/WindowManager(  639):     ]}
08-13 03:13:54.313 V/WindowManagerShell(  888): onTransitionReady (#26) android.os.BinderProxy@2ed1355: {id=26 t=TO_FRONT f=0x80 trk=0 r=[0@Point(0, 0)] c=[
08-13 03:13:54.313 V/WindowManagerShell(  888):         {m=TO_FRONT f=SHOW_WALLPAPER|MOVE_TO_TOP leash=Surface(name=Task=1)/@0xa84265b sb=Rect(0, 0 - 1080, 2400) eb=Rect(0, 0 - 1080, 2400) epz=Point(1080, 2400) d=0 taskParent=-1},
08-13 03:13:54.313 V/WindowManagerShell(  888):         {m=TO_BACK f=NONE leash=Surface(name=Task=50)/@0x3563ef8 sb=Rect(0, 0 - 1080, 2400) eb=Rect(0, 0 - 1080, 2400) epz=Point(1080, 2400) d=0 taskParent=-1},
08-13 03:13:54.313 V/WindowManagerShell(  888):         {m=TO_FRONT f=IS_WALLPAPER leash=Surface(name=WallpaperWindowToken{19151bb showWhenLocked=false})/@0xeb88fd1 sb=Rect(0, 0 - 1080, 2400) eb=Rect(0, 0 - 1080, 2400) epz=Point(1080, 2400) d=0}
08-13 03:13:54.313 V/WindowManagerShell(  888):     ]}
08-13 03:13:54.313 V/WindowManagerShell(  888): Playing animation for (#26) android.os.BinderProxy@2ed1355@0
08-13 03:13:54.313 V/WindowManagerShell(  888):  try firstHandler com.android.wm.shell.recents.RecentsTransitionHandler@7420303
08-13 03:13:54.318 V/WindowManagerShell(  888):  animated by firstHandler
08-13 03:13:54.481 W/ActivityManager(  639): Unable to start service Intent { act=android.service.smartspace.SmartspaceService cmp=com.google.android.as/com.google.android.apps.miphone.aiai.app.AiAiSmartspaceService } U=0: not found
08-13 03:13:54.481 W/ActivityManager(  639): Unbind failed: could not find connection for android.app.LoadedApk$ServiceDispatcher$InnerConnection@fc94a7b
08-13 03:13:54.487 D/WindowManagerShell(  888): setLauncherKeepClearAreaHeight: visible=true, height=527
08-13 03:13:54.490 I/NotificationListener( 1062): Handling notification state refresh for com.wakeupoverlay#0
08-13 03:13:55.002 V/WindowManagerShell(  888): Transition animation finished (aborted=false), notifying core (#26) android.os.BinderProxy@2ed1355@0
08-13 03:13:55.004 V/WindowManager(  639): Finish Transition (#26): created at 08-13 03:13:54.232 collect-started=0.052ms started=0.065ms ready=26.243ms sent=76.441ms commit=25.318ms finished=771.048ms
08-13 03:13:55.005 V/WindowManagerShell(  888): Track 0 became idle
08-13 03:13:55.005 V/WindowManagerShell(  888): All active transition animations finished
08-13 03:13:55.017 D/CoreBackPreview(  639): Window{742abf4 u0 com.wakeupoverlay/com.wakeupoverlay.MainActivity}: Setting back callback null
08-13 03:13:55.023 V/WindowManager(  639): Unknown focus tokens, dropping reportFocusChanged
08-13 03:13:55.300 D/ActivityManager(  639): freezing 1456 com.google.android.gms
08-13 03:13:57.749 D/ActivityManager(  639): freezing 1232 com.google.android.permissioncontroller
08-13 03:14:00.617 D/ActivityManager(  639): sync unfroze 1456 com.google.android.gms for 6
08-13 03:14:04.348 D/ActivityManager(  639): freezing 1597 com.google.android.googlequicksearchbox:search
08-13 03:14:22.527 I/ActivityManager(  639): Start proc 4505:com.google.android.calendar/u0a150 for service {com.google.android.calendar/androidx.work.impl.background.systemjob.SystemJobService}
08-13 03:14:22.649 I/ActivityManager(  639): Start proc 4528:com.android.providers.calendar/u0a95 for content provider {com.android.providers.calendar/com.android.providers.calendar.CalendarProvider2}
08-13 03:14:22.761 D/ActivityManager(  639): sync unfroze 1597 com.google.android.googlequicksearchbox:search for 3
08-13 03:14:32.816 D/ActivityManager(  639): freezing 4505 com.google.android.calendar
08-13 03:14:32.816 D/ActivityManager(  639): freezing 1456 com.google.android.gms
08-13 03:14:32.817 D/ActivityManager(  639): freezing 4528 com.android.providers.calendar
08-13 03:14:32.817 D/ActivityManager(  639): freezing 1597 com.google.android.googlequicksearchbox:search
08-13 03:14:50.365 D/ActivityManager(  639): sync unfroze 3739 com.google.android.apps.photos for 7
08-13 03:15:15.020 D/ActivityManager(  639): sync unfroze 3786 com.google.android.dialer for 6
08-13 03:15:15.061 I/ActivityManager(  639): Start proc 4594:android.process.acore/u0a93 for content provider {com.android.providers.contacts/com.android.providers.contacts.VoicemailContentProvider}
08-13 03:15:15.239 D/ActivityManager(  639): sync unfroze 1456 com.google.android.gms for 6
08-13 03:15:25.116 D/ActivityManager(  639): freezing 3786 com.google.android.dialer
08-13 03:15:25.261 D/ActivityManager(  639): freezing 1456 com.google.android.gms
08-13 03:15:25.262 D/ActivityManager(  639): freezing 4594 android.process.acore
08-13 03:15:26.404 D/ActivityManager(  639): freezing 3739 com.google.android.apps.photos
08-13 03:17:36.178 D/ActivityManager(  639): sync unfroze 1456 com.google.android.gms for 3
08-13 03:17:36.186 D/ActivityManager(  639): sync unfroze 4505 com.google.android.calendar for 3
08-13 03:17:36.206 D/ActivityManager(  639): sync unfroze 4528 com.android.providers.calendar for 3
08-13 03:17:36.231 D/ActivityManager(  639): sync unfroze 3739 com.google.android.apps.photos for 6
08-13 03:17:36.346 D/ActivityManager(  639): sync unfroze 2111 com.google.android.apps.messaging for 3
08-13 03:17:36.356 W/Looper  (  639): Slow dispatch took 107ms android.ui app=system_server main=false group=TOP_APP h=com.android.server.am.ActivityManagerService$UiHandler c=null m=68
08-13 03:17:36.372 D/ActivityManager(  639): sync unfroze 3786 com.google.android.dialer for 6
08-13 03:17:36.396 D/ActivityManager(  639): sync unfroze 3825 com.google.android.apps.restore for 3
08-13 03:17:36.643 W/ActivityManager(  639): Slow operation: 173ms so far, now at startProcess: returned from zygote!
08-13 03:17:36.643 W/ActivityManager(  639): Slow operation: 173ms so far, now at startProcess: done updating battery stats
08-13 03:17:36.643 W/ActivityManager(  639): Slow operation: 173ms so far, now at startProcess: building log message
08-13 03:17:36.643 I/ActivityManager(  639): Start proc 4654:com.google.android.apps.safetyhub/u0a139 for broadcast {com.google.android.apps.safetyhub/androidx.work.impl.background.systemalarm.RescheduleReceiver}
08-13 03:17:36.643 W/ActivityManager(  639): Slow operation: 174ms so far, now at startProcess: starting to update pids map
08-13 03:17:36.643 W/ActivityManager(  639): Slow operation: 174ms so far, now at startProcess: done updating pids map
08-13 03:17:36.902 D/ActivityManager(  639): sync unfroze 3808 com.google.android.gms.unstable for 10
08-13 03:17:36.907 I/ActivityManager(  639): Process com.google.android.apps.wallpaper (pid 2000) has died: cch+75 CEM 
08-13 03:17:37.090 I/ActivityManager(  639): Process android.process.media (pid 1713) has died: cch+65 CEM 
08-13 03:17:37.118 I/ActivityManager(  639): Process com.google.android.configupdater (pid 3917) has died: cch+55 CEM 
08-13 03:17:37.237 I/ActivityManager(  639): Background started FGS: Allowed [callingPackage: com.google.android.apps.wellbeing; callingUid: 10144; uidState: BFGS; uidBFSL: [BFSL]; intent: Intent { xflg=0x4 cmp=com.google.android.apps.wellbeing/com.google.apps.tiktok.concurrent.InternalForegroundService (has extras) }; code:BACKGROUND_ACTIVITY_PERMISSION; tempAllowListReason:<abcd2e0 android.intent.action.TIME_SET/u-1,reasonCode:TIME_CHANGED,duration:20000,callingUid:1000>; allowWiu:58; targetSdkVersion:35; callerTargetSdkVersion:35; startForegroundCount:0; bindFromPackage:null: isBindService:false]
08-13 03:17:37.251 W/ActivityManager(  639): pid 639 system sent binder code 4 with flags 1 to frozen apps and got error -32
08-13 03:17:37.274 W/ActivityManager(  639): Unable to query binder frozen stats for pid 4121
08-13 03:17:37.304 D/ActivityManager(  639): sync unfroze 4594 android.process.acore for 7
08-13 03:17:37.310 I/ActivityManager(  639): Process com.android.vending:background (pid 4121) has died: cch+45 CEM 
08-13 03:17:37.312 W/ActivityManager(  639): Scheduling restart of crashed service com.android.vending/com.google.frameworks.client.data.android.server.play.BackgroundProcessEndpointService in 10000ms for connection
08-13 03:17:37.357 W/ActivityManager(  639): Rescheduling restart of crashed service com.android.vending/com.google.frameworks.client.data.android.server.play.BackgroundProcessEndpointService in 9955ms for mem-pressure-event
08-13 03:17:37.359 I/ActivityManager(  639): Process com.google.android.bluetooth (pid 1063) has died: psvc PER 
08-13 03:17:37.360 W/ActivityManager(  639): Scheduling restart of crashed service com.google.android.bluetooth/com.android.bluetooth.btservice.AdapterService in 29952ms for connection
08-13 03:17:37.388 D/ActivityManager(  639): sync unfroze 1597 com.google.android.googlequicksearchbox:search for 3
08-13 03:17:37.462 W/ActivityManager(  639): Rescheduling restart of crashed service com.android.vending/com.google.frameworks.client.data.android.server.play.BackgroundProcessEndpointService in 29849ms for mem-pressure-event
08-13 03:17:37.472 D/ActivityManager(  639): sync unfroze 1232 com.google.android.permissioncontroller for 3
08-13 03:17:37.474 W/ActivityManager(  639): Rescheduling restart of crashed service com.android.vending/com.google.frameworks.client.data.android.server.play.BackgroundProcessEndpointService in 9838ms for mem-pressure-event
08-13 03:17:37.563 D/ActivityManager(  639): sync unfroze 3892 com.google.android.rkpdapp for 3
08-13 03:17:37.793 I/ActivityManager(  639): Start proc 4722:com.google.android.cellbroadcastreceiver/u0a210 for broadcast {com.google.android.cellbroadcastreceiver/com.android.cellbroadcastreceiver.CellBroadcastReceiver}
08-13 03:17:37.979 I/ActivityManager(  639): Start proc 4739:com.google.android.bluetooth/1002 for service {com.google.android.bluetooth/com.android.bluetooth.btservice.AdapterService}
08-13 03:17:38.368 I/ActivityManager(  639): Process com.android.vending (pid 4033) has died: cch+45 CEM 
08-13 03:17:38.395 W/ActivityManager(  639): pid 639 system sent binder code 1 with flags 1 to frozen apps and got error -32
08-13 03:17:38.395 D/ActivityManager(  639): Too many transaction errors, throttling freezer binder callback.
08-13 03:17:38.429 I/ActivityManager(  639): Process com.google.android.photopicker (pid 3761) has died: cch+25 CEM 
08-13 03:17:40.168 I/ActivityManager(  639): Showing crash dialog for package com.google.android.bluetooth u0
08-13 03:17:40.180 I/ActivityManager(  639): Process com.google.android.bluetooth (pid 4739) has died: psvc PER 
08-13 03:17:40.180 W/ActivityManager(  639): Scheduling restart of crashed service com.google.android.bluetooth/com.android.bluetooth.btservice.AdapterService in 1000ms for connection
08-13 03:17:40.185 W/ActivityManager(  639): Ignoring remove of inactive process: ProcessRecord{5bf9a2a 0:com.google.android.bluetooth/1002}
08-13 03:17:40.989 I/ActivityManager(  639): Start proc 4790:com.google.android.bluetooth/1002 for service {com.google.android.bluetooth/com.android.bluetooth.btservice.AdapterService}
08-13 03:17:44.222 I/ActivityManager(  639): Process com.google.android.bluetooth (pid 4790) has died: psvc PER 
08-13 03:17:44.223 W/ActivityManager(  639): Scheduling restart of crashed service com.google.android.bluetooth/com.android.bluetooth.btservice.AdapterService in 1000ms for connection
08-13 03:17:45.368 I/ActivityManager(  639): Process com.google.android.apps.restore (pid 3825) has died: cch+5 CEM 
08-13 03:17:45.390 I/ActivityManager(  639): Process com.google.android.gms.unstable (pid 3808) has died: cch+5 CEM 
08-13 03:17:45.405 I/ActivityManager(  639): Process com.google.android.calendar (pid 4505) has died: cch+5 CEM 
08-13 03:17:45.433 I/ActivityManager(  639): Start proc 4847:com.google.android.bluetooth/1002 for service {com.google.android.bluetooth/com.android.bluetooth.btservice.AdapterService}
08-13 03:17:45.726 D/InstallDependencyHelper(  639): No missing dependency for com.wakeupoverlay
08-13 03:17:45.742 I/PackageManager(  639): Update package com.wakeupoverlay code path from /data/app/~~aTTQ3pYVPK9E8OVeZvq6uw==/com.wakeupoverlay-Znm3hxsRuD-IJdh-Jzp1Ag== to /data/app/vmdl32893927.tmp; Retain data and using new
08-13 03:17:45.883 I/AppsFilter(  639): interaction: PackageSetting{e9f5d11 com.android.microdroid.empty_payload/10193} -> PackageSetting{c0fe679 com.wakeupoverlay/10211} BLOCKED
08-13 03:17:45.883 I/AppsFilter(  639): interaction: PackageSetting{e9f5d11 com.android.microdroid.empty_payload/10193} -> PackageSetting{abc37ab com.wakeupoverlay/10211} BLOCKED
08-13 03:17:45.946 I/ActivityManager(  639): Force stopping com.wakeupoverlay appid=10211 user=-1: installPackageLI
08-13 03:17:45.948 I/PackageManager(  639): installation completed:com.wakeupoverlay
08-13 03:17:45.950 I/ActivityManager(  639): Killing 3977:com.wakeupoverlay/u0a211 (adj 200): stop com.wakeupoverlay due to installPackageLI
08-13 03:17:45.951 I/AppsFilter(  639): interaction: PackageSetting{a418a35 com.android.microdroid.empty_payload/10193} -> PackageSetting{1d5f97a com.wakeupoverlay/10211} BLOCKED
08-13 03:17:45.958 W/ForegroundServiceTypeLoggerModule(  639): Logger should be tracking FGS types correctly for UID 10211 in package com.wakeupoverlay
08-13 03:17:45.958 W/ForegroundServiceTypeLoggerModule(  639): Logger should be tracking FGS types correctly for UID 10211 in package com.wakeupoverlay
08-13 03:17:45.966 I/ActivityManager(  639): Force stopping com.wakeupoverlay appid=10211 user=0: pkg removed
08-13 03:17:45.986 I/NotificationListener( 1062): received notification removed event - com.wakeupoverlay#UserHandle{0},category=-1
08-13 03:17:46.009 D/PackageUpdatedTask( 1062): Package updated: mOp=UPDATE packages=[com.wakeupoverlay], user=UserHandle{0}
08-13 03:17:46.016 W/ActivityManager(  639): setHasOverlayUi called on unknown pid: 3977
08-13 03:17:46.019 D/ActivityThread( 4528): Package [com.wakeupoverlay] reported as REPLACED, but missing application info. Assuming REMOVED.
08-13 03:17:46.020 D/ActivityThread( 3786): Package [com.wakeupoverlay] reported as REPLACED, but missing application info. Assuming REMOVED.
08-13 03:17:46.020 D/ActivityThread( 4594): Package [com.wakeupoverlay] reported as REPLACED, but missing application info. Assuming REMOVED.
08-13 03:17:46.020 D/ActivityThread( 2111): Package [com.wakeupoverlay] reported as REPLACED, but missing application info. Assuming REMOVED.
08-13 03:17:46.021 D/ActivityThread( 1406): Package [com.wakeupoverlay] reported as REPLACED, but missing application info. Assuming REMOVED.
08-13 03:17:46.022 D/ActivityThread( 1492): Package [com.wakeupoverlay] reported as REPLACED, but missing application info. Assuming REMOVED.
08-13 03:17:46.022 D/ActivityThread( 3434): Package [com.wakeupoverlay] reported as REPLACED, but missing application info. Assuming REMOVED.
08-13 03:17:46.023 D/ActivityThread( 3892): Package [com.wakeupoverlay] reported as REPLACED, but missing application info. Assuming REMOVED.
08-13 03:17:46.023 D/ActivityThread( 3482): Package [com.wakeupoverlay] reported as REPLACED, but missing application info. Assuming REMOVED.
08-13 03:17:46.023 D/ActivityThread( 1062): Package [com.wakeupoverlay] reported as REPLACED, but missing application info. Assuming REMOVED.
08-13 03:17:46.024 D/ActivityThread( 3739): Package [com.wakeupoverlay] reported as REPLACED, but missing application info. Assuming REMOVED.
08-13 03:17:46.024 D/ActivityThread( 2241): Package [com.wakeupoverlay] reported as REPLACED, but missing application info. Assuming REMOVED.
08-13 03:17:46.024 D/ActivityThread( 4654): Package [com.wakeupoverlay] reported as REPLACED, but missing application info. Assuming REMOVED.
08-13 03:17:46.024 D/ActivityThread( 4722): Package [com.wakeupoverlay] reported as REPLACED, but missing application info. Assuming REMOVED.
08-13 03:17:46.024 D/ActivityThread( 1597): Package [com.wakeupoverlay] reported as REPLACED, but missing application info. Assuming REMOVED.
08-13 03:17:46.024 D/ActivityThread( 1106): Package [com.wakeupoverlay] reported as REPLACED, but missing application info. Assuming REMOVED.
08-13 03:17:46.025 D/ActivityThread( 1456): Package [com.wakeupoverlay] reported as REPLACED, but missing application info. Assuming REMOVED.
08-13 03:17:46.026 V/ActivityManager(  639): Got obituary of 3977:com.wakeupoverlay
08-13 03:17:46.027 D/ActivityThread( 3786): Package [com.wakeupoverlay] reported as REPLACED, but missing application info. Assuming REMOVED.
08-13 03:17:46.027 D/ActivityThread( 4594): Package [com.wakeupoverlay] reported as REPLACED, but missing application info. Assuming REMOVED.
08-13 03:17:46.027 D/ActivityThread( 1406): Package [com.wakeupoverlay] reported as REPLACED, but missing application info. Assuming REMOVED.
08-13 03:17:46.027 D/ActivityThread( 4528): Package [com.wakeupoverlay] reported as REPLACED, but missing application info. Assuming REMOVED.
08-13 03:17:46.027 I/SafetyLabelChangedBroadcastReceiver( 1232): received broadcast packageName: com.wakeupoverlay, current user: UserHandle{0}, packageChangeEvent: UPDATE, intent user: UserHandle{0}
08-13 03:17:46.028 D/ActivityThread( 2111): Package [com.wakeupoverlay] reported as REPLACED, but missing application info. Assuming REMOVED.
08-13 03:17:46.028 D/ActivityThread( 1492): Package [com.wakeupoverlay] reported as REPLACED, but missing application info. Assuming REMOVED.
08-13 03:17:46.028 D/ActivityThread( 3434): Package [com.wakeupoverlay] reported as REPLACED, but missing application info. Assuming REMOVED.
08-13 03:17:46.028 D/ActivityThread( 3892): Package [com.wakeupoverlay] reported as REPLACED, but missing application info. Assuming REMOVED.
08-13 03:17:46.028 D/ActivityThread( 3482): Package [com.wakeupoverlay] reported as REPLACED, but missing application info. Assuming REMOVED.
08-13 03:17:46.029 D/ActivityThread( 3739): Package [com.wakeupoverlay] reported as REPLACED, but missing application info. Assuming REMOVED.
08-13 03:17:46.030 D/ActivityThread( 1597): Package [com.wakeupoverlay] reported as REPLACED, but missing application info. Assuming REMOVED.
08-13 03:17:46.030 D/ActivityThread( 1106): Package [com.wakeupoverlay] reported as REPLACED, but missing application info. Assuming REMOVED.
08-13 03:17:46.029 D/ActivityThread( 2241): Package [com.wakeupoverlay] reported as REPLACED, but missing application info. Assuming REMOVED.
08-13 03:17:46.031 D/ActivityThread( 1232): Package [com.wakeupoverlay] reported as REPLACED, but missing application info. Assuming REMOVED.
08-13 03:17:46.033 D/ActivityThread( 1037): Package [com.wakeupoverlay] reported as REPLACED, but missing application info. Assuming REMOVED.
08-13 03:17:46.035 D/ActivityThread( 4654): Package [com.wakeupoverlay] reported as REPLACED, but missing application info. Assuming REMOVED.
08-13 03:17:46.035 D/ActivityThread( 4722): Package [com.wakeupoverlay] reported as REPLACED, but missing application info. Assuming REMOVED.
08-13 03:17:46.035 D/ActivityThread( 1232): Package [com.wakeupoverlay] reported as REPLACED, but missing application info. Assuming REMOVED.
08-13 03:17:46.036 D/ActivityThread( 1456): Package [com.wakeupoverlay] reported as REPLACED, but missing application info. Assuming REMOVED.
08-13 03:17:46.040 D/ActivityThread( 1062): Package [com.wakeupoverlay] reported as REPLACED, but missing application info. Assuming REMOVED.
08-13 03:17:46.053 D/ActivityThread( 1509): Package [com.wakeupoverlay] reported as REPLACED, but missing application info. Assuming REMOVED.
08-13 03:17:46.054 D/ActivityThread( 1509): Package [com.wakeupoverlay] reported as REPLACED, but missing application info. Assuming REMOVED.
08-13 03:17:46.055 W/PackageConfigPersister(  639): App-specific configuration not found for packageName: com.wakeupoverlay and userId: 0
08-13 03:17:46.057 D/ActivityThread( 1005): Package [com.wakeupoverlay] reported as REPLACED, but missing application info. Assuming REMOVED.
08-13 03:17:46.059 D/ActivityThread( 1556): Package [com.wakeupoverlay] reported as REPLACED, but missing application info. Assuming REMOVED.
08-13 03:17:46.059 D/ActivityThread( 1532): Package [com.wakeupoverlay] reported as REPLACED, but missing application info. Assuming REMOVED.
08-13 03:17:46.062 D/ActivityThread( 1532): Package [com.wakeupoverlay] reported as REPLACED, but missing application info. Assuming REMOVED.
08-13 03:17:46.065 D/ActivityThread( 1005): Package [com.wakeupoverlay] reported as REPLACED, but missing application info. Assuming REMOVED.
08-13 03:17:46.069 D/ActivityThread(  639): Package [com.wakeupoverlay] reported as REPLACED, but missing application info. Assuming REMOVED.
08-13 03:17:46.069 D/ActivityThread(  639): Package [com.wakeupoverlay] reported as REPLACED, but missing application info. Assuming REMOVED.
08-13 03:17:46.071 W/ActivityManager(  639): Slow operation: 55ms so far, now at startProcess: returned from zygote!
08-13 03:17:46.073 D/ActivityThread( 1037): Package [com.wakeupoverlay] reported as REPLACED, but missing application info. Assuming REMOVED.
08-13 03:17:46.077 W/ActivityManager(  639): Slow operation: 61ms so far, now at startProcess: done updating battery stats
08-13 03:17:46.077 W/ActivityManager(  639): Slow operation: 61ms so far, now at startProcess: building log message
08-13 03:17:46.077 I/ActivityManager(  639): Start proc 4884:com.android.vending/u0a142 for broadcast {com.android.vending/com.google.android.finsky.packagemonitor.impl.PackageMonitorReceiverImpl$RegisteredReceiver}
08-13 03:17:46.078 W/ActivityManager(  639): Slow operation: 61ms so far, now at startProcess: starting to update pids map
08-13 03:17:46.086 W/ActivityManager(  639): Slow operation: 69ms so far, now at startProcess: done updating pids map
08-13 03:17:46.103 D/ShortcutService(  639): replacing package: com.wakeupoverlay userId=0
08-13 03:17:46.104 I/SdkSandboxManager(  639): No SDKs used. Skipping SDK data reconcilation for CallingInfo{mUid=10211, mPackageName='com.wakeupoverlay, mAppProcessToken='null'}
08-13 03:17:46.104 I/SdkSandboxManager(  639): No SDKs used. Skipping SDK data reconcilation for CallingInfo{mUid=10211, mPackageName='com.wakeupoverlay, mAppProcessToken='null'}
08-13 03:17:46.105 I/Telecom (  639): CarModeTracker: Package com.wakeupoverlay is not tracked.: SSH.oR@AOc
08-13 03:17:46.125 D/ActivityThread( 1556): Package [com.wakeupoverlay] reported as REPLACED, but missing application info. Assuming REMOVED.
08-13 03:17:46.135 W/AlarmManager(  639): Package com.wakeupoverlay, uid 10211 lost permission to set exact alarms!
08-13 03:17:46.248 D/ActivityThread(  888): Package [com.wakeupoverlay] reported as REPLACED, but missing application info. Assuming REMOVED.
08-13 03:17:46.254 D/ActivityThread(  888): Package [com.wakeupoverlay] reported as REPLACED, but missing application info. Assuming REMOVED.
08-13 03:17:46.255 D/ActivityThread( 1193): Package [com.wakeupoverlay] reported as REPLACED, but missing application info. Assuming REMOVED.
08-13 03:17:46.269 D/ActivityThread( 1193): Package [com.wakeupoverlay] reported as REPLACED, but missing application info. Assuming REMOVED.
08-13 03:17:46.272 W/ActivityManager(  639): Slow operation: 202ms so far, now at startProcess: done updating battery stats
08-13 03:17:46.272 W/ActivityManager(  639): Slow operation: 202ms so far, now at startProcess: building log message
08-13 03:17:46.272 I/ActivityManager(  639): Start proc 4887:com.android.keychain/1000 for service {com.android.keychain/com.android.keychain.KeyChainService}
08-13 03:17:46.272 W/ActivityManager(  639): Slow operation: 202ms so far, now at startProcess: starting to update pids map
08-13 03:17:46.273 W/ActivityManager(  639): Slow operation: 202ms so far, now at startProcess: done updating pids map
08-13 03:17:46.320 D/CarrierSvcBindHelper( 1048): onPackageUpdateFinished: com.wakeupoverlay
08-13 03:17:46.321 D/CarrierSvcBindHelper( 1048): onPackageModified: com.wakeupoverlay
08-13 03:17:46.446 I/ProximityAuth( 1193): [RecentAppsMediator] Package added: (user=UserHandle{0}) com.wakeupoverlay
08-13 03:17:46.468 D/ImsResolver( 1048): maybeAddedImsService, packageName: com.wakeupoverlay
08-13 03:17:46.469 V/ImsResolver( 1048): searchForImsServices: package=com.wakeupoverlay, users=[UserHandle{0}]
08-13 03:17:46.473 V/ImsResolver( 1048): searchForImsServices: package=com.wakeupoverlay, users=[UserHandle{0}]
08-13 03:17:46.488 W/VvmPkgInstalledRcvr( 1048): carrierVvmPkgAdded: carrier vvm packages doesn't contain com.wakeupoverlay
08-13 03:17:46.490 D/ActivityThread( 1048): Package [com.wakeupoverlay] reported as REPLACED, but missing application info. Assuming REMOVED.
08-13 03:17:46.491 D/ActivityThread( 1048): Package [com.wakeupoverlay] reported as REPLACED, but missing application info. Assuming REMOVED.
08-13 03:17:46.630 W/SQLiteLog( 1456): (28) double-quoted string literal: "com.wakeupoverlay"
08-13 03:17:46.750 I/ActivityTaskManager(  639): START u0 {act=android.intent.action.MAIN cat=[android.intent.category.LAUNCHER] flg=0x10000000 cmp=com.wakeupoverlay/.MainActivity} with LAUNCH_SINGLE_TASK from uid 2000 (BAL_ALLOW_PERMISSION) result code=0
