08-13 03:20:17.922 V/WindowManager(  639): Sent Transition (#37) createdAt=08-13 03:20:17.847 via request=TransitionRequestInfo { type = WAKE, triggerTask = TaskInfo{userId=0 taskId=54 effectiveUid=10211 displayId=0 isRunning=true baseIntent=Intent { act=android.intent.action.MAIN cat=[android.intent.category.LAUNCHER] flg=0x10200000 cmp=com.wakeupoverlay/.MainActivity } baseActivity=ComponentInfo{com.wakeupoverlay/com.wakeupoverlay.MainActivity} topActivity=ComponentInfo{com.wakeupoverlay/com.wakeupoverlay.MainActivity} origActivity=null realActivity=ComponentInfo{com.wakeupoverlay/com.wakeupoverlay.MainActivity} numActivities=1 lastActiveTime=715530 supportsMultiWindow=true resizeMode=1 isResizeable=true minWidth=-1 minHeight=-1 defaultMinSize=220 token=WCT{RemoteToken{56348c4 Task{ca1c400 #54 type=standard A=10211:com.wakeupoverlay}}} topActivityType=1 pictureInPictureParams=null shouldDockBigOverlays=false launchIntoPipHostTaskId=-1 lastParentTaskIdBeforePip=-1 displayCutoutSafeInsets=Rect(0, 118 - 0, 0) topActivityInfo=ActivityInfo{709e3ad com.wakeupoverlay.MainActivity} launchCookies=[android.os.BinderProxy@762d6e2] positionInParent=Point(0, 0) parentTaskId=-1 isFocused=true isVisible=false isVisibleRequested=false isTopActivityNoDisplay=false isSleeping=false locusId=null displayAreaFeatureId=1 isTopActivityTransparent=false isActivityStackTransparent=false lastNonFullscreenBounds=Rect(278, 687 - 803, 1767) capturedLink=null capturedLinkTimestamp=0 requestedVisibleTypes=-9 topActivityRequestOpenInBrowserEducationTimestamp=0 appCompatTaskInfo=AppCompatTaskInfo { topActivityInSizeCompat=false eligibleForLetterboxEducation= false isLetterboxEducationEnabled= true isLetterboxDoubleTapEnabled= false eligibleForUserAspectRatioButton= false topActivityBoundsLetterboxed= false isFromLetterboxDoubleTap= false topActivityLetterboxVerticalPosition= -1 topActivityLetterboxHorizontalPosition= -1 topActivityLetterboxWidth=-1 topActivityLetterboxHeight=-1 topActivityAppBounds=Rect(0, 118 - 1080, 2337) isUserFullscreenOverrideEnabled=false isSystemFullscreenOverrideEnabled=false hasMinAspectRatioOverride=false topActivityLetterboxBounds=null cameraCompatTaskInfo=CameraCompatTaskInfo { freeformCameraCompatMode=inactive}} topActivityMainWindowFrame=null}, pipChange = null, remoteTransition = null, displayChange = null, flags = 4096, debugId = 37 }
08-13 03:20:17.922 V/WindowManagerShell(  888): Transition doesn't have explicit remote, search filters for match for {id=37 t=WAKE f=0x1040 trk=0 r=[0@Point(0, 0)] c=[{m=TO_FRONT f=NONE p=WCT{android.window.IWindowContainerToken$Stub$Proxy@7a2144a} leash=Surface(name=Task=54)/@0x10b123e sb=Rect(0, 0 - 1080, 2400) eb=Rect(0, 0 - 1080, 2400) epz=Point(1080, 2400) d=0 taskParent=-1},{m=TO_FRONT f=FLAG_IS_TASK_DISPLAY_AREA leash=Surface(name=DefaultTaskDisplayArea)/@0xb39d89f sb=Rect(0, 0 - 1080, 2400) eb=Rect(0, 0 - 1080, 2400) epz=Point(1080, 2400) d=0}]}
08-13 03:20:17.923 V/WindowManagerShell(  888):  Checking filter Pair{{types=[] flags=0x0] notFlags=0x0 checks=[{atype=undefined independent=true modes=[CLOSE,TO_BACK] flags=IN_TASK_WITH_EMBEDDED_ACTIVITY mustBeTask=false order=ANY topActivity=null launchCookie=null taskFragmentToken=android.os.BinderProxy@dcc77f7 windowingMode=undefined}]} RemoteTransition { remoteTransition = android.window.IRemoteTransition$Stub$Proxy@ca68664, appThread = android.app.IApplicationThread$Stub$Proxy@531e0cd, debugName = overlayBackTransition }}
08-13 03:20:17.923 V/WindowManagerShell(  888):  Checking filter Pair{{types=[] flags=0x0] notFlags=0x0 checks=[{atype=dream independent=true modes=[OPEN,TO_FRONT] flags=NONE mustBeTask=false order=ANY topActivity=null launchCookie=null windowingMode=undefined},{atype=home independent=true modes=[CLOSE,TO_BACK] flags=NONE mustBeTask=false order=ANY topActivity=null launchCookie=null windowingMode=undefined}]} RemoteTransition { remoteTransition = android.window.IRemoteTransition$Stub$Proxy@4495d82, appThread = android.app.IApplicationThread$Stub$Proxy@2469c93, debugName = LauncherToDream }}
08-13 03:20:17.924 V/WindowManagerShell(  888):  Checking filter Pair{{types=[] flags=0x0] notFlags=0x100 checks=[{atype=home independent=true modes=[OPEN,TO_FRONT] flags=NONE mustBeTask=false order=TOP topActivity=ComponentInfo{com.google.android.apps.nexuslauncher/com.google.android.apps.nexuslauncher.NexusLauncherActivity} launchCookie=null windowingMode=undefined},{atype=standard independent=true modes=[CLOSE,TO_BACK] flags=NONE mustBeTask=false order=ANY topActivity=null launchCookie=null windowingMode=undefined},{NOT atype=undefined independent=true modes=[] flags=NONE mustBeTask=true order=ANY topActivity=null launchCookie=null customAnim=true windowingMode=undefined}]} RemoteTransition { remoteTransition = android.window.IRemoteTransition$Stub$Proxy@877a4d0, appThread = android.app.IApplicationThread$Stub$Proxy@808bcc9, debugName = QuickstepLaunchHome }}
08-13 03:20:17.925 V/WindowManagerShell(  888):  Delegate animation for (#37) to null
08-13 03:20:17.925 V/WindowManagerShell(  888): start default transition animation, info = {id=37 t=WAKE f=0x1040 trk=0 r=[0@Point(0, 0)] c=[{m=TO_FRONT f=NONE p=WCT{android.window.IWindowContainerToken$Stub$Proxy@7a2144a} leash=Surface(name=Task=54)/@0x10b123e sb=Rect(0, 0 - 1080, 2400) eb=Rect(0, 0 - 1080, 2400) epz=Point(1080, 2400) d=0 taskParent=-1},{m=TO_FRONT f=FLAG_IS_TASK_DISPLAY_AREA leash=Surface(name=DefaultTaskDisplayArea)/@0xb39d89f sb=Rect(0, 0 - 1080, 2400) eb=Rect(0, 0 - 1080, 2400) epz=Point(1080, 2400) d=0}]}
08-13 03:20:17.926 V/WindowManagerShell(  888): Transition animation finished (aborted=false), notifying core (#37) android.os.BinderProxy@d651659@0
08-13 03:20:17.927 V/WindowManager(  639):     startWCT=WindowContainerTransaction { changes= {} hops= [] errorCallbackToken=null taskFragmentOrganizer=null }
08-13 03:20:17.927 V/WindowManager(  639):     info={id=37 t=WAKE f=0x1040 trk=0 r=[0@Point(0, 0)] c=[
08-13 03:20:17.927 V/WindowManager(  639):         {WCT{RemoteToken{56348c4 Task{ca1c400 #54 type=standard A=10211:com.wakeupoverlay}}} m=TO_FRONT f=NONE p=WCT{RemoteToken{e298008 DefaultTaskDisplayArea@150621565}} leash=Surface(name=Task=54)/@0x9645b56 sb=Rect(0, 0 - 1080, 2400) eb=Rect(0, 0 - 1080, 2400) epz=Point(1080, 2400) d=0 taskParent=-1},
08-13 03:20:17.927 V/WindowManager(  639):         {WCT{RemoteToken{e298008 DefaultTaskDisplayArea@150621565}} m=TO_FRONT f=FLAG_IS_TASK_DISPLAY_AREA leash=Surface(name=DefaultTaskDisplayArea)/@0x5932980 sb=Rect(0, 0 - 1080, 2400) eb=Rect(0, 0 - 1080, 2400) epz=Point(1080, 2400) d=0}
08-13 03:20:17.927 V/WindowManager(  639):     ]}
08-13 03:20:17.935 I/ActivityTaskManager(  639): START u0 {flg=0x10000000 cmp=com.wakeupoverlay/.OverlayActivity} with LAUNCH_MULTIPLE from uid 10211 (BAL_ALLOW_VISIBLE_WINDOW) result code=0
08-13 03:20:17.938 V/WindowManagerShell(  888): Track 0 became idle
08-13 03:20:17.939 V/WindowManagerShell(  888): All active transition animations finished
08-13 03:20:17.939 V/WindowManagerShell(  888):  animated by com.android.wm.shell.transition.DefaultTransitionHandler@d452071
08-13 03:20:17.939 V/WindowManagerShell(  888): Track 0 became idle
08-13 03:20:17.939 V/WindowManagerShell(  888): All active transition animations finished
08-13 03:20:17.939 V/WindowManagerShell(  888): Transition requested (#38): android.os.BinderProxy@d6d5fbb TransitionRequestInfo { type = OPEN, triggerTask = TaskInfo{userId=0 taskId=54 effectiveUid=10211 displayId=0 isRunning=true baseIntent=Intent { act=android.intent.action.MAIN cat=[android.intent.category.LAUNCHER] flg=0x10200000 cmp=com.wakeupoverlay/.MainActivity } baseActivity=ComponentInfo{com.wakeupoverlay/com.wakeupoverlay.MainActivity} topActivity=ComponentInfo{com.wakeupoverlay/com.wakeupoverlay.OverlayActivity} origActivity=null realActivity=ComponentInfo{com.wakeupoverlay/com.wakeupoverlay.MainActivity} numActivities=2 lastActiveTime=715702 supportsMultiWindow=true resizeMode=1 isResizeable=true minWidth=-1 minHeight=-1 defaultMinSize=220 token=WCT{android.window.IWindowContainerToken$Stub$Proxy@5eecd8} topActivityType=1 pictureInPictureParams=null shouldDockBigOverlays=false launchIntoPipHostTaskId=-1 lastParentTaskIdBeforePip=-1 displayCutoutSafeInsets=Rect(0, 0 - 0, 0) topActivityInfo=ActivityInfo{ba4d831 com.wakeupoverlay.OverlayActivity} launchCookies=[android.os.BinderProxy@8fd3761] positionInParent=Point(0, 0) parentTaskId=-1 isFocused=true isVisible=true isVisibleRequested=true isTopActivityNoDisplay=false isSleeping=false locusId=null displayAreaFeatureId=1 isTopActivityTransparent=true isActivityStackTransparent=false lastNonFullscreenBounds=Rect(278, 687 - 803, 1767) capturedLink=null capturedLinkTimestamp=0 requestedVisibleTypes=-9 topActivityRequestOpenInBrowserEducationTimestamp=0 appCompatTaskInfo=AppCompatTaskInfo { topActivityInSizeCompat=false eligibleForLetterboxEducation= false isLetterboxEducationEnabled= true isLetterboxDoubleTapEnabled= false eligibleForUserAspectRatioButton= false topActivityBoundsLetterboxed= false isFromLetterboxDoubleTap= false topActivityLetterboxVerticalPosition= -1 topActivityLetterboxHorizontalPosition= -1 topActivityLetterboxWidth=-1 topActivityLetterboxHeight=-1 topActivityAppBounds=Rect(0, 118 - 1080, 2337) isUserFullscreenOverrideEnabled=false isSystemFullscreenOverrideEnabled=false hasMinAspectRatioOverride=false topActivityLetterboxBounds=null cameraCompatTaskInfo=CameraCompatTaskInfo { freeformCameraCompatMode=inactive}} topActivityMainWindowFrame=null}, pipChange = null, remoteTransition = null, displayChange = null, flags = 0, debugId = 38 }
08-13 03:20:17.941 V/WindowManager(  639): Finish Transition (#37): created at 08-13 03:20:17.847 collect-started=0.087ms request-sent=0.121ms started=7.753ms ready=7.737ms sent=69.804ms finished=88.487ms
08-13 03:20:17.946 D/WindowManager(  639): Create SleepToken: tag=keyguard, displayId=0
08-13 03:20:17.950 I/ActivityManager(  639): updateOomAdj start time is before than pendingPid added, don't delete it
08-13 03:20:17.958 D/WindowManager(  639): powerPress: eventTime=715613 interactive=true count=1 mShortPressOnPowerBehavior=1
08-13 03:20:17.958 V/WindowManager(  639): Ignoring short press of power button because the device is not interactive. interactive=true, beganFromNonInteractive=true
08-13 03:20:17.966 E/TransactionExecutor( 5536): tId:-867607903     LaunchActivityItem{activityToken=android.os.BinderProxy@5e54fa0,intent=Intent { flg=0x10000000 cmp=com.wakeupoverlay/.OverlayActivity },ident=179315073,info=ActivityInfo{c3af9e8 com.wakeupoverlay.OverlayActivity},curConfig={1.0 310mcc260mnc [en_US] ldltr sw411dp w411dp h845dp 420dpi nrml long port finger qwerty/v/v dpad/v winConfig={ mBounds=Rect(0, 0 - 1080, 2400) mAppBounds=Rect(0, 118 - 1080, 2337) mMaxBounds=Rect(0, 0 - 1080, 2400) mDisplayRotation=ROTATION_0 mWindowingMode=fullscreen mActivityType=undefined mAlwaysOnTop=undefined mRotation=ROTATION_0} as.3 s.49 fontWeightAdjustment=0},overrideConfig={1.0 310mcc260mnc [en_US] ldltr sw411dp w411dp h845dp 420dpi nrml long port finger qwerty/v/v dpad/v winConfig={ mBounds=Rect(0, 0 - 1080, 2400) mAppBounds=Rect(0, 118 - 1080, 2337) mMaxBounds=Rect(0, 0 - 1080, 2400) mDisplayRotation=ROTATION_0 mWindowingMode=fullscreen mActivityType=standard mAlwaysOnTop=undefined mRotation=ROTATION_0} as.3 s.2 fontWeightAdjustment=0},deviceId=0,referrer=com.wakeupoverlay,procState=2,state=null,persistentState=null,pendingResults=null,pendingNewIntents=null,sceneTransitionInfo=null,profilerInfo=null,assistToken=android.os.BinderProxy@4f9a885,shareableActivityToken=android.os.BinderProxy@b8376da,activityWindowInfo=ActivityWindowInfo{isEmbedded=false, taskBounds=Rect(0, 0 - 1080, 2400), taskFragmentBounds=Rect(0, 0 - 1080, 2400)}}
08-13 03:20:17.966 E/TransactionExecutor( 5536): tId:-867607903     Target activity: com.wakeupoverlay.OverlayActivity
08-13 03:20:17.969 W/ActivityTaskManager(  639):   Force finishing activity com.wakeupoverlay/.OverlayActivity
08-13 03:20:17.969 W/ActivityTaskManager(  639):   Force finishing activity com.wakeupoverlay/.MainActivity
08-13 03:20:17.983 I/ActivityManager(  639): Process com.wakeupoverlay (pid 5536) has died: fg +50 FGS 
08-13 03:20:17.983 I/WindowManager(  639): WIN DEATH: Window{5180390 u0 com.wakeupoverlay/com.wakeupoverlay.MainActivity}
08-13 03:20:17.984 W/ActivityManager(  639): Scheduling restart of crashed service com.wakeupoverlay/.WakeupListenerService in 3600000ms for start-requested
08-13 03:20:17.985 I/ImeTracker(  639): com.wakeupoverlay:ef44a1d: onRequestHide at ORIGIN_SERVER reason HIDE_REMOVE_CLIENT fromUser false
08-13 03:20:17.985 I/ImeTracker(  639): com.wakeupoverlay:ef44a1d: onCancelled at PHASE_SERVER_SHOULD_HIDE
08-13 03:20:17.992 W/ActivityManager(  639): setHasOverlayUi called on unknown pid: 5536
08-13 03:20:17.996 D/WindowManagerShell(  888): setLauncherKeepClearAreaHeight: visible=true, height=527
08-13 03:20:17.999 V/WindowManagerShell(  888): onTransitionReady(transaction=2744484103715)
08-13 03:20:18.000 V/WindowManagerShell(  888): onTransitionReady (#38) android.os.BinderProxy@d6d5fbb: {id=38 t=OPEN f=0x2040 trk=1 r=[0@Point(0, 0)] c=[
08-13 03:20:18.000 V/WindowManagerShell(  888):         {m=TO_BACK f=NONE p=WCT{android.window.IWindowContainerToken$Stub$Proxy@2bdc66d} leash=Surface(name=Task=54)/@0x5f52b16 sb=Rect(0, 0 - 1080, 2400) eb=Rect(0, 0 - 1080, 2400) epz=Point(1080, 2400) d=0 taskParent=-1},
08-13 03:20:18.000 V/WindowManagerShell(  888):         {m=TO_BACK f=FLAG_IS_TASK_DISPLAY_AREA leash=Surface(name=DefaultTaskDisplayArea)/@0x5883c97 sb=Rect(0, 0 - 1080, 2400) eb=Rect(0, 0 - 1080, 2400) epz=Point(1080, 2400) d=0}
08-13 03:20:18.000 V/WindowManagerShell(  888):     ]}
08-13 03:20:18.000 V/WindowManagerShell(  888): Playing animation for (#38) android.os.BinderProxy@d6d5fbb@1
08-13 03:20:18.000 V/WindowManagerShell(  888): start keyguard unocclude transition, info = {id=38 t=OPEN f=0x2040 trk=1 r=[0@Point(0, 0)] c=[{m=TO_BACK f=NONE p=WCT{android.window.IWindowContainerToken$Stub$Proxy@2bdc66d} leash=Surface(name=Task=54)/@0x5f52b16 sb=Rect(0, 0 - 1080, 2400) eb=Rect(0, 0 - 1080, 2400) epz=Point(1080, 2400) d=0 taskParent=-1},{m=TO_BACK f=FLAG_IS_TASK_DISPLAY_AREA leash=Surface(name=DefaultTaskDisplayArea)/@0x5883c97 sb=Rect(0, 0 - 1080, 2400) eb=Rect(0, 0 - 1080, 2400) epz=Point(1080, 2400) d=0}]}
08-13 03:20:18.002 V/WindowManagerShell(  888):  animated by com.android.wm.shell.keyguard.KeyguardTransitionHandler@fd9e655
08-13 03:20:18.008 W/ActivityManager(  639): Unable to start service Intent { act=android.service.smartspace.SmartspaceService cmp=com.google.android.as/com.google.android.apps.miphone.aiai.app.AiAiSmartspaceService } U=0: not found
08-13 03:20:18.008 W/ActivityManager(  639): Unbind failed: could not find connection for android.app.LoadedApk$ServiceDispatcher$InnerConnection@5e5e75
08-13 03:20:18.009 D/ActivityManager(  639): freezing 4594 android.process.acore
08-13 03:20:18.020 V/WindowManager(  639): Sent Transition (#38) createdAt=08-13 03:20:17.920 via request=TransitionRequestInfo { type = OPEN, triggerTask = TaskInfo{userId=0 taskId=54 effectiveUid=10211 displayId=0 isRunning=true baseIntent=Intent { act=android.intent.action.MAIN cat=[android.intent.category.LAUNCHER] flg=0x10200000 cmp=com.wakeupoverlay/.MainActivity } baseActivity=ComponentInfo{com.wakeupoverlay/com.wakeupoverlay.MainActivity} topActivity=ComponentInfo{com.wakeupoverlay/com.wakeupoverlay.OverlayActivity} origActivity=null realActivity=ComponentInfo{com.wakeupoverlay/com.wakeupoverlay.MainActivity} numActivities=2 lastActiveTime=715702 supportsMultiWindow=true resizeMode=1 isResizeable=true minWidth=-1 minHeight=-1 defaultMinSize=220 token=WCT{RemoteToken{56348c4 Task{ca1c400 #54 type=standard A=10211:com.wakeupoverlay}}} topActivityType=1 pictureInPictureParams=null shouldDockBigOverlays=false launchIntoPipHostTaskId=-1 lastParentTaskIdBeforePip=-1 displayCutoutSafeInsets=Rect(0, 0 - 0, 0) topActivityInfo=ActivityInfo{f6d367b com.wakeupoverlay.OverlayActivity} launchCookies=[android.os.BinderProxy@762d6e2] positionInParent=Point(0, 0) parentTaskId=-1 isFocused=true isVisible=true isVisibleRequested=true isTopActivityNoDisplay=false isSleeping=false locusId=null displayAreaFeatureId=1 isTopActivityTransparent=true isActivityStackTransparent=false lastNonFullscreenBounds=Rect(278, 687 - 803, 1767) capturedLink=null capturedLinkTimestamp=0 requestedVisibleTypes=-9 topActivityRequestOpenInBrowserEducationTimestamp=0 appCompatTaskInfo=AppCompatTaskInfo { topActivityInSizeCompat=false eligibleForLetterboxEducation= false isLetterboxEducationEnabled= true isLetterboxDoubleTapEnabled= false eligibleForUserAspectRatioButton= false topActivityBoundsLetterboxed= false isFromLetterboxDoubleTap= false topActivityLetterboxVerticalPosition= -1 topActivityLetterboxHorizontalPosition= -1 topActivityLetterboxWidth=-1 topActivityLetterboxHeight=-1 topActivityAppBounds=Rect(0, 118 - 1080, 2337) isUserFullscreenOverrideEnabled=false isSystemFullscreenOverrideEnabled=false hasMinAspectRatioOverride=false topActivityLetterboxBounds=null cameraCompatTaskInfo=CameraCompatTaskInfo { freeformCameraCompatMode=inactive}} topActivityMainWindowFrame=null}, pipChange = null, remoteTransition = null, displayChange = null, flags = 0, debugId = 38 }
08-13 03:20:18.020 V/WindowManager(  639):     startWCT=WindowContainerTransaction { changes= {} hops= [] errorCallbackToken=null taskFragmentOrganizer=null }
08-13 03:20:18.020 V/WindowManager(  639):     info={id=38 t=OPEN f=0x2040 trk=1 r=[0@Point(0, 0)] c=[
08-13 03:20:18.020 V/WindowManager(  639):         {WCT{RemoteToken{56348c4 Task{ca1c400 #54 type=standard A=10211:com.wakeupoverlay}}} m=TO_BACK f=NONE p=WCT{RemoteToken{e298008 DefaultTaskDisplayArea@150621565}} leash=Surface(name=Task=54)/@0x9645b56 sb=Rect(0, 0 - 1080, 2400) eb=Rect(0, 0 - 1080, 2400) epz=Point(1080, 2400) d=0 taskParent=-1},
08-13 03:20:18.020 V/WindowManager(  639):         {WCT{RemoteToken{e298008 DefaultTaskDisplayArea@150621565}} m=TO_BACK f=FLAG_IS_TASK_DISPLAY_AREA leash=Surface(name=DefaultTaskDisplayArea)/@0x5932980 sb=Rect(0, 0 - 1080, 2400) eb=Rect(0, 0 - 1080, 2400) epz=Point(1080, 2400) d=0}
08-13 03:20:18.020 V/WindowManager(  639):     ]}
08-13 03:20:18.049 I/NotificationListener( 1062): received notification removed event - com.wakeupoverlay#UserHandle{0},category=-1
08-13 03:20:18.272 V/WindowManagerShell(  888): Transition animation finished (aborted=false), notifying core (#38) android.os.BinderProxy@d6d5fbb@1
08-13 03:20:18.273 V/WindowManager(  639): Finish Transition (#38): created at 08-13 03:20:17.920 collect-started=0.028ms request-sent=12.333ms started=22.016ms ready=77.625ms sent=78.563ms commit=7.068ms finished=352.748ms
08-13 03:20:18.275 W/ActivityManager(  639): pid 639 system sent binder code 7 with flags 1 to frozen apps and got error -32
08-13 03:20:18.277 W/WindowManager(  639): Exception thrown during dispatchAppVisibility Window{5180390 u0 com.wakeupoverlay/com.wakeupoverlay.MainActivity EXITING}
08-13 03:20:18.277 W/WindowManager(  639): android.os.DeadObjectException
08-13 03:20:18.277 W/WindowManager(  639): 	at android.os.BinderProxy.transactNative(Native Method)
08-13 03:20:18.277 W/WindowManager(  639): 	at android.os.BinderProxy.transact(BinderProxy.java:592)
08-13 03:20:18.277 W/WindowManager(  639): 	at android.view.IWindow$Stub$Proxy.dispatchAppVisibility(IWindow.java:557)
08-13 03:20:18.277 W/WindowManager(  639): 	at com.android.server.wm.WindowState.sendAppVisibilityToClients(WindowState.java:3226)
08-13 03:20:18.277 W/WindowManager(  639): 	at com.android.server.wm.WindowContainer.sendAppVisibilityToClients(WindowContainer.java:1295)
08-13 03:20:18.277 W/WindowManager(  639): 	at com.android.server.wm.WindowToken.setClientVisible(WindowToken.java:437)
08-13 03:20:18.277 W/WindowManager(  639): 	at com.android.server.wm.ActivityRecord.setClientVisible(ActivityRecord.java:6727)
08-13 03:20:18.277 W/WindowManager(  639): 	at com.android.server.wm.ActivityRecord.commitVisibility(ActivityRecord.java:5583)
08-13 03:20:18.277 W/WindowManager(  639): 	at com.android.server.wm.Transition.finishTransition(Transition.java:1372)
08-13 03:20:18.277 W/WindowManager(  639): 	at com.android.server.wm.TransitionController.finishTransition(TransitionController.java:1003)
08-13 03:20:18.277 W/WindowManager(  639): 	at com.android.server.wm.WindowOrganizerController.finishTransition(WindowOrganizerController.java:533)
08-13 03:20:18.277 W/WindowManager(  639): 	at android.window.IWindowOrganizerController$Stub.onTransact(IWindowOrganizerController.java:293)
08-13 03:20:18.277 W/WindowManager(  639): 	at com.android.server.wm.WindowOrganizerController.onTransact(WindowOrganizerController.java:222)
08-13 03:20:18.277 W/WindowManager(  639): 	at android.os.Binder.execTransactInternal(Binder.java:1414)
08-13 03:20:18.277 W/WindowManager(  639): 	at android.os.Binder.execTransact(Binder.java:1353)
08-13 03:20:18.280 V/WindowManagerShell(  888): Track 1 became idle
08-13 03:20:18.280 V/WindowManagerShell(  888): All active transition animations finished
08-13 03:20:18.286 W/ActivityManager(  639): Unable to start service Intent { act=android.service.smartspace.SmartspaceService cmp=com.google.android.as/com.google.android.apps.miphone.aiai.app.AiAiSmartspaceService } U=0: not found
08-13 03:20:18.286 W/ActivityManager(  639): Unbind failed: could not find connection for android.app.LoadedApk$ServiceDispatcher$InnerConnection@a8354ae
08-13 03:20:18.289 W/ActivityManager(  639): Unable to start service Intent { act=android.service.smartspace.SmartspaceService cmp=com.google.android.as/com.google.android.apps.miphone.aiai.app.AiAiSmartspaceService } U=0: not found
08-13 03:20:18.290 W/ActivityManager(  639): Unbind failed: could not find connection for android.app.LoadedApk$ServiceDispatcher$InnerConnection@6c67ddc
08-13 03:20:18.450 W/ActivityTaskManager(  639): Activity top resumed state loss timeout for ActivityRecord{179315073 u0 com.wakeupoverlay/.OverlayActivity t-1 f}}
08-13 03:20:18.948 V/WindowManagerShell(  888): onTransitionReady(transaction=2744484103732)
08-13 03:20:18.948 V/WindowManager(  639): Sent Transition (#39) createdAt=08-13 03:20:18.947 via request=TransitionRequestInfo { type = SLEEP, triggerTask = null, pipChange = null, remoteTransition = null, displayChange = null, flags = 0, debugId = 39 }
08-13 03:20:18.948 V/WindowManager(  639):     startWCT=null
08-13 03:20:18.948 V/WindowManager(  639):     info={id=39 t=SLEEP f=0x40 trk=0 r=[] c=[]}
08-13 03:20:18.948 V/WindowManagerShell(  888): Transition requested (#39): android.os.BinderProxy@4e6bf7b TransitionRequestInfo { type = SLEEP, triggerTask = null, pipChange = null, remoteTransition = null, displayChange = null, flags = 0, debugId = 39 }
08-13 03:20:18.949 V/WindowManagerShell(  888): onTransitionReady (#39) android.os.BinderProxy@4e6bf7b: {id=39 t=SLEEP f=0x40 trk=0 r=[] c=[]}
08-13 03:20:18.949 V/WindowManagerShell(  888): No transition roots in (#39) android.os.BinderProxy@4e6bf7b@0 so abort
08-13 03:20:18.949 V/WindowManagerShell(  888): Transition animation finished (aborted=true), notifying core (#39) android.os.BinderProxy@4e6bf7b@0
08-13 03:20:18.950 V/WindowManager(  639): Finish Transition (#39): created at 08-13 03:20:18.947 collect-started=0.05ms request-sent=0.07ms started=0.215ms ready=0.206ms sent=0.295ms finished=2.58ms
08-13 03:20:18.950 V/WindowManagerShell(  888): Track 0 became idle
08-13 03:20:18.950 V/WindowManagerShell(  888): All active transition animations finished
08-13 03:20:19.161 D/WindowManager(  639): Remove SleepToken: tag=keyguard, displayId=0
08-13 03:20:19.161 V/WindowManagerShell(  888): Transition requested (#40): android.os.BinderProxy@3dbcf44 TransitionRequestInfo { type = TO_BACK, triggerTask = null, pipChange = null, remoteTransition = null, displayChange = null, flags = 774, debugId = 40 }
08-13 03:20:19.177 D/WindowManagerShell(  888): setLauncherKeepClearAreaHeight: visible=false, height=527
08-13 03:20:19.177 D/WindowManagerShell(  888): setLauncherKeepClearAreaHeight: visible=true, height=527
08-13 03:20:19.180 W/ActivityManager(  639): Unable to start service Intent { act=android.service.smartspace.SmartspaceService cmp=com.google.android.as/com.google.android.apps.miphone.aiai.app.AiAiSmartspaceService } U=0: not found
08-13 03:20:19.181 W/ActivityManager(  639): Unbind failed: could not find connection for android.app.LoadedApk$ServiceDispatcher$InnerConnection@2f637d1
08-13 03:20:19.190 W/ActivityManager(  639): Unable to start service Intent { act=android.service.smartspace.SmartspaceService cmp=com.google.android.as/com.google.android.apps.miphone.aiai.app.AiAiSmartspaceService } U=0: not found
08-13 03:20:19.192 W/ActivityManager(  639): Unbind failed: could not find connection for android.app.LoadedApk$ServiceDispatcher$InnerConnection@caeb537
08-13 03:20:19.230 V/WindowManager(  639): Sent Transition (#40) createdAt=08-13 03:20:19.160 via request=TransitionRequestInfo { type = TO_BACK, triggerTask = null, pipChange = null, remoteTransition = null, displayChange = null, flags = 774, debugId = 40 }
08-13 03:20:19.230 V/WindowManagerShell(  888): onTransitionReady(transaction=2744484103745)
08-13 03:20:19.230 V/WindowManager(  639):     startWCT=WindowContainerTransaction { changes= {} hops= [] errorCallbackToken=null taskFragmentOrganizer=null }
08-13 03:20:19.230 V/WindowManager(  639):     info={id=40 t=TO_BACK f=0x306 trk=0 r=[0@Point(0, 0)] c=[
08-13 03:20:19.230 V/WindowManager(  639):         {WCT{RemoteToken{12681ab Task{1dd4472 #1 type=home}}} m=TO_FRONT f=SHOW_WALLPAPER p=WCT{RemoteToken{e298008 DefaultTaskDisplayArea@150621565}} leash=Surface(name=Task=1)/@0xf4ddbb9 sb=Rect(0, 0 - 1080, 2400) eb=Rect(0, 0 - 1080, 2400) epz=Point(1080, 2400) d=0 taskParent=-1},
08-13 03:20:19.230 V/WindowManager(  639):         {WCT{RemoteToken{e298008 DefaultTaskDisplayArea@150621565}} m=TO_FRONT f=SHOW_WALLPAPER|FLAG_IS_TASK_DISPLAY_AREA leash=Surface(name=DefaultTaskDisplayArea)/@0x5932980 sb=Rect(0, 0 - 1080, 2400) eb=Rect(0, 0 - 1080, 2400) epz=Point(1080, 2400) d=0}
08-13 03:20:19.230 V/WindowManager(  639):     ]}
08-13 03:20:19.230 V/WindowManagerShell(  888): onTransitionReady (#40) android.os.BinderProxy@3dbcf44: {id=40 t=TO_BACK f=0x306 trk=0 r=[0@Point(0, 0)] c=[
08-13 03:20:19.230 V/WindowManagerShell(  888):         {m=TO_FRONT f=SHOW_WALLPAPER p=WCT{android.window.IWindowContainerToken$Stub$Proxy@9a27d6b} leash=Surface(name=Task=1)/@0xfb3c2dc sb=Rect(0, 0 - 1080, 2400) eb=Rect(0, 0 - 1080, 2400) epz=Point(1080, 2400) d=0 taskParent=-1},
08-13 03:20:19.230 V/WindowManagerShell(  888):         {m=TO_FRONT f=SHOW_WALLPAPER|FLAG_IS_TASK_DISPLAY_AREA leash=Surface(name=DefaultTaskDisplayArea)/@0x7112fe5 sb=Rect(0, 0 - 1080, 2400) eb=Rect(0, 0 - 1080, 2400) epz=Point(1080, 2400) d=0}
08-13 03:20:19.230 V/WindowManagerShell(  888):     ]}
08-13 03:20:19.230 V/WindowManagerShell(  888): Playing animation for (#40) android.os.BinderProxy@3dbcf44@0
08-13 03:20:19.230 V/WindowManagerShell(  888): start keyguard going-away transition, info = {id=40 t=TO_BACK f=0x306 trk=0 r=[0@Point(0, 0)] c=[{m=TO_FRONT f=SHOW_WALLPAPER p=WCT{android.window.IWindowContainerToken$Stub$Proxy@9a27d6b} leash=Surface(name=Task=1)/@0xfb3c2dc sb=Rect(0, 0 - 1080, 2400) eb=Rect(0, 0 - 1080, 2400) epz=Point(1080, 2400) d=0 taskParent=-1},{m=TO_FRONT f=SHOW_WALLPAPER|FLAG_IS_TASK_DISPLAY_AREA leash=Surface(name=DefaultTaskDisplayArea)/@0x7112fe5 sb=Rect(0, 0 - 1080, 2400) eb=Rect(0, 0 - 1080, 2400) epz=Point(1080, 2400) d=0}]}
08-13 03:20:19.232 V/WindowManagerShell(  888):  animated by com.android.wm.shell.keyguard.KeyguardTransitionHandler@fd9e655
08-13 03:20:19.255 V/WindowManagerShell(  888): Transition animation finished (aborted=false), notifying core (#40) android.os.BinderProxy@3dbcf44@0
08-13 03:20:19.259 V/WindowManager(  639): Finish Transition (#40): created at 08-13 03:20:19.160 collect-started=0.045ms request-sent=0.06ms started=2.68ms ready=2.673ms sent=69.042ms commit=9.402ms finished=98.011ms
08-13 03:20:19.261 V/WindowManagerShell(  888): Track 0 became idle
08-13 03:20:19.261 V/WindowManagerShell(  888): All active transition animations finished
08-13 03:20:20.511 D/WindowManagerShell(  888): onActivityRestartAttempt: topActivity=ComponentInfo{com.google.android.apps.nexuslauncher/com.google.android.apps.nexuslauncher.NexusLauncherActivity}, wasVisible=true
08-13 03:20:20.513 W/ActivityManager(  639): Unable to start service Intent { act=android.service.smartspace.SmartspaceService cmp=com.google.android.as/com.google.android.apps.miphone.aiai.app.AiAiSmartspaceService } U=0: not found
08-13 03:20:20.513 W/ActivityManager(  639): Unbind failed: could not find connection for android.app.LoadedApk$ServiceDispatcher$InnerConnection@cebe158
08-13 03:20:21.196 D/WindowManager(  639): powerPress: eventTime=718864 interactive=true count=1 mShortPressOnPowerBehavior=1
08-13 03:20:21.664 V/WindowManagerShell(  888): Transition requested (#42): android.os.BinderProxy@3fe4a4f TransitionRequestInfo { type = TO_FRONT, triggerTask = null, pipChange = null, remoteTransition = null, displayChange = null, flags = 2048, debugId = 42 }
08-13 03:20:21.664 D/WindowManager(  639): Create SleepToken: tag=keyguard, displayId=0
08-13 03:20:21.671 V/WindowManagerShell(  888): onTransitionReady(transaction=2744484103827)
08-13 03:20:21.672 V/WindowManagerShell(  888): onTransitionReady (#42) android.os.BinderProxy@3fe4a4f: {id=42 t=TO_FRONT f=0x840 trk=0 r=[0@Point(0, 0)] c=[
08-13 03:20:21.672 V/WindowManagerShell(  888):         {m=TO_BACK f=SHOW_WALLPAPER p=WCT{android.window.IWindowContainerToken$Stub$Proxy@710d3b8} leash=Surface(name=Task=1)/@0xd8fbab1 sb=Rect(0, 0 - 1080, 2400) eb=Rect(0, 0 - 1080, 2400) epz=Point(1080, 2400) d=0 taskParent=-1},
08-13 03:20:21.672 V/WindowManagerShell(  888):         {m=TO_BACK f=SHOW_WALLPAPER|FLAG_IS_TASK_DISPLAY_AREA leash=Surface(name=DefaultTaskDisplayArea)/@0xbfccc2b sb=Rect(0, 0 - 1080, 2400) eb=Rect(0, 0 - 1080, 2400) epz=Point(1080, 2400) d=0},
08-13 03:20:21.672 V/WindowManagerShell(  888):         {m=TO_BACK f=IS_WALLPAPER leash=Surface(name=WallpaperWindowToken{19151bb showWhenLocked=false})/@0x51a3888 sb=Rect(0, 0 - 1080, 2400) eb=Rect(0, 0 - 1080, 2400) epz=Point(1080, 2400) d=0}
08-13 03:20:21.672 V/WindowManagerShell(  888):     ]}
08-13 03:20:21.673 V/WindowManager(  639): Sent Transition (#42) createdAt=08-13 03:20:21.662 via request=TransitionRequestInfo { type = TO_FRONT, triggerTask = null, pipChange = null, remoteTransition = null, displayChange = null, flags = 2048, debugId = 42 }
08-13 03:20:21.673 V/WindowManager(  639):     startWCT=WindowContainerTransaction { changes= {} hops= [] errorCallbackToken=null taskFragmentOrganizer=null }
08-13 03:20:21.673 V/WindowManager(  639):     info={id=42 t=TO_FRONT f=0x840 trk=0 r=[0@Point(0, 0)] c=[
08-13 03:20:21.673 V/WindowManager(  639):         {WCT{RemoteToken{12681ab Task{1dd4472 #1 type=home}}} m=TO_BACK f=SHOW_WALLPAPER p=WCT{RemoteToken{e298008 DefaultTaskDisplayArea@150621565}} leash=Surface(name=Task=1)/@0xf4ddbb9 sb=Rect(0, 0 - 1080, 2400) eb=Rect(0, 0 - 1080, 2400) epz=Point(1080, 2400) d=0 taskParent=-1},
08-13 03:20:21.673 V/WindowManager(  639):         {WCT{RemoteToken{e298008 DefaultTaskDisplayArea@150621565}} m=TO_BACK f=SHOW_WALLPAPER|FLAG_IS_TASK_DISPLAY_AREA leash=Surface(name=DefaultTaskDisplayArea)/@0x5932980 sb=Rect(0, 0 - 1080, 2400) eb=Rect(0, 0 - 1080, 2400) epz=Point(1080, 2400) d=0},
08-13 03:20:21.673 V/WindowManager(  639):         {m=TO_BACK f=IS_WALLPAPER leash=Surface(name=WallpaperWindowToken{19151bb showWhenLocked=false})/@0x8868534 sb=Rect(0, 0 - 1080, 2400) eb=Rect(0, 0 - 1080, 2400) epz=Point(1080, 2400) d=0}
08-13 03:20:21.673 V/WindowManager(  639):     ]}
08-13 03:20:21.674 V/WindowManagerShell(  888): Playing animation for (#42) android.os.BinderProxy@3fe4a4f@0
08-13 03:20:21.675 V/WindowManagerShell(  888): start keyguard appearing transition, info = {id=42 t=TO_FRONT f=0x840 trk=0 r=[0@Point(0, 0)] c=[{m=TO_BACK f=SHOW_WALLPAPER p=WCT{android.window.IWindowContainerToken$Stub$Proxy@710d3b8} leash=Surface(name=Task=1)/@0xd8fbab1 sb=Rect(0, 0 - 1080, 2400) eb=Rect(0, 0 - 1080, 2400) epz=Point(1080, 2400) d=0 taskParent=-1},{m=TO_BACK f=SHOW_WALLPAPER|FLAG_IS_TASK_DISPLAY_AREA leash=Surface(name=DefaultTaskDisplayArea)/@0xbfccc2b sb=Rect(0, 0 - 1080, 2400) eb=Rect(0, 0 - 1080, 2400) epz=Point(1080, 2400) d=0},{m=TO_BACK f=IS_WALLPAPER leash=Surface(name=WallpaperWindowToken{19151bb showWhenLocked=false})/@0x51a3888 sb=Rect(0, 0 - 1080, 2400) eb=Rect(0, 0 - 1080, 2400) epz=Point(1080, 2400) d=0}]}
08-13 03:20:21.677 V/WindowManagerShell(  888):  animated by com.android.wm.shell.keyguard.KeyguardTransitionHandler@fd9e655
08-13 03:20:21.677 V/WindowManagerShell(  888): Transition animation finished (aborted=false), notifying core (#42) android.os.BinderProxy@3fe4a4f@0
08-13 03:20:21.680 V/WindowManager(  639): Finish Transition (#42): created at 08-13 03:20:21.662 collect-started=0.1ms request-sent=0.125ms started=4.065ms ready=4.047ms sent=8.499ms finished=17.362ms
08-13 03:20:21.682 V/WindowManagerShell(  888): Track 0 became idle
08-13 03:20:21.682 V/WindowManagerShell(  888): All active transition animations finished
08-13 03:20:21.694 W/ActivityManager(  639): Unable to start service Intent { act=android.service.smartspace.SmartspaceService cmp=com.google.android.as/com.google.android.apps.miphone.aiai.app.AiAiSmartspaceService } U=0: not found
08-13 03:20:21.695 W/ActivityManager(  639): Unbind failed: could not find connection for android.app.LoadedApk$ServiceDispatcher$InnerConnection@cbca8a0
08-13 03:20:21.761 D/WindowManager(  639): powerPress: eventTime=719422 interactive=true count=1 mShortPressOnPowerBehavior=1
08-13 03:20:21.761 V/WindowManager(  639): Ignoring short press of power button because the device is not interactive. interactive=true, beganFromNonInteractive=true
08-13 03:20:22.666 V/WindowManager(  639): Sent Transition (#43) createdAt=08-13 03:20:22.665 via request=TransitionRequestInfo { type = SLEEP, triggerTask = null, pipChange = null, remoteTransition = null, displayChange = null, flags = 0, debugId = 43 }
08-13 03:20:22.666 V/WindowManager(  639):     startWCT=null
08-13 03:20:22.666 V/WindowManager(  639):     info={id=43 t=SLEEP f=0x40 trk=0 r=[] c=[]}
08-13 03:20:22.667 V/WindowManagerShell(  888): Transition requested (#43): android.os.BinderProxy@11c81b0 TransitionRequestInfo { type = SLEEP, triggerTask = null, pipChange = null, remoteTransition = null, displayChange = null, flags = 0, debugId = 43 }
08-13 03:20:22.667 V/WindowManagerShell(  888): onTransitionReady(transaction=2744484103841)
08-13 03:20:22.668 V/WindowManagerShell(  888): onTransitionReady (#43) android.os.BinderProxy@11c81b0: {id=43 t=SLEEP f=0x40 trk=0 r=[] c=[]}
08-13 03:20:22.668 V/WindowManagerShell(  888): No transition roots in (#43) android.os.BinderProxy@11c81b0@0 so abort
08-13 03:20:22.669 V/WindowManagerShell(  888): Transition animation finished (aborted=true), notifying core (#43) android.os.BinderProxy@11c81b0@0
08-13 03:20:22.670 V/WindowManager(  639): Finish Transition (#43): created at 08-13 03:20:22.665 collect-started=0.046ms request-sent=0.062ms started=0.134ms ready=0.127ms sent=0.193ms finished=3.927ms
08-13 03:20:22.670 V/WindowManagerShell(  888): Track 0 became idle
08-13 03:20:22.670 V/WindowManagerShell(  888): All active transition animations finished
08-13 03:20:22.692 D/WindowManager(  639): Remove SleepToken: tag=keyguard, displayId=0
08-13 03:20:22.692 V/WindowManagerShell(  888): Transition requested (#44): android.os.BinderProxy@6c70829 TransitionRequestInfo { type = TO_BACK, triggerTask = null, pipChange = null, remoteTransition = null, displayChange = null, flags = 774, debugId = 44 }
08-13 03:20:22.709 D/WindowManagerShell(  888): setLauncherKeepClearAreaHeight: visible=false, height=527
08-13 03:20:22.711 D/WindowManagerShell(  888): setLauncherKeepClearAreaHeight: visible=true, height=527
08-13 03:20:22.713 W/ActivityManager(  639): Unable to start service Intent { act=android.service.smartspace.SmartspaceService cmp=com.google.android.as/com.google.android.apps.miphone.aiai.app.AiAiSmartspaceService } U=0: not found
08-13 03:20:22.713 W/ActivityManager(  639): Unbind failed: could not find connection for android.app.LoadedApk$ServiceDispatcher$InnerConnection@a70a593
08-13 03:20:22.724 W/ActivityManager(  639): Unable to start service Intent { act=android.service.smartspace.SmartspaceService cmp=com.google.android.as/com.google.android.apps.miphone.aiai.app.AiAiSmartspaceService } U=0: not found
08-13 03:20:22.725 W/ActivityManager(  639): Unbind failed: could not find connection for android.app.LoadedApk$ServiceDispatcher$InnerConnection@cb06dc9
08-13 03:20:22.750 V/WindowManager(  639): Sent Transition (#44) createdAt=08-13 03:20:22.692 via request=TransitionRequestInfo { type = TO_BACK, triggerTask = null, pipChange = null, remoteTransition = null, displayChange = null, flags = 774, debugId = 44 }
08-13 03:20:22.750 V/WindowManagerShell(  888): onTransitionReady(transaction=2744484103852)
08-13 03:20:22.750 V/WindowManagerShell(  888): onTransitionReady (#44) android.os.BinderProxy@6c70829: {id=44 t=TO_BACK f=0x306 trk=0 r=[0@Point(0, 0)] c=[
08-13 03:20:22.750 V/WindowManagerShell(  888):         {m=TO_FRONT f=SHOW_WALLPAPER p=WCT{android.window.IWindowContainerToken$Stub$Proxy@f469361} leash=Surface(name=Task=1)/@0xa2c10ba sb=Rect(0, 0 - 1080, 2400) eb=Rect(0, 0 - 1080, 2400) epz=Point(1080, 2400) d=0 taskParent=-1},
08-13 03:20:22.750 V/WindowManagerShell(  888):         {m=TO_FRONT f=SHOW_WALLPAPER|FLAG_IS_TASK_DISPLAY_AREA leash=Surface(name=DefaultTaskDisplayArea)/@0xbb7fb6b sb=Rect(0, 0 - 1080, 2400) eb=Rect(0, 0 - 1080, 2400) epz=Point(1080, 2400) d=0}
08-13 03:20:22.750 V/WindowManagerShell(  888):     ]}
08-13 03:20:22.750 V/WindowManager(  639):     startWCT=WindowContainerTransaction { changes= {} hops= [] errorCallbackToken=null taskFragmentOrganizer=null }
08-13 03:20:22.751 V/WindowManagerShell(  888): Playing animation for (#44) android.os.BinderProxy@6c70829@0
08-13 03:20:22.751 V/WindowManagerShell(  888): start keyguard going-away transition, info = {id=44 t=TO_BACK f=0x306 trk=0 r=[0@Point(0, 0)] c=[{m=TO_FRONT f=SHOW_WALLPAPER p=WCT{android.window.IWindowContainerToken$Stub$Proxy@f469361} leash=Surface(name=Task=1)/@0xa2c10ba sb=Rect(0, 0 - 1080, 2400) eb=Rect(0, 0 - 1080, 2400) epz=Point(1080, 2400) d=0 taskParent=-1},{m=TO_FRONT f=SHOW_WALLPAPER|FLAG_IS_TASK_DISPLAY_AREA leash=Surface(name=DefaultTaskDisplayArea)/@0xbb7fb6b sb=Rect(0, 0 - 1080, 2400) eb=Rect(0, 0 - 1080, 2400) epz=Point(1080, 2400) d=0}]}
08-13 03:20:22.751 V/WindowManager(  639):     info={id=44 t=TO_BACK f=0x306 trk=0 r=[0@Point(0, 0)] c=[
08-13 03:20:22.751 V/WindowManager(  639):         {WCT{RemoteToken{12681ab Task{1dd4472 #1 type=home}}} m=TO_FRONT f=SHOW_WALLPAPER p=WCT{RemoteToken{e298008 DefaultTaskDisplayArea@150621565}} leash=Surface(name=Task=1)/@0xf4ddbb9 sb=Rect(0, 0 - 1080, 2400) eb=Rect(0, 0 - 1080, 2400) epz=Point(1080, 2400) d=0 taskParent=-1},
08-13 03:20:22.751 V/WindowManager(  639):         {WCT{RemoteToken{e298008 DefaultTaskDisplayArea@150621565}} m=TO_FRONT f=SHOW_WALLPAPER|FLAG_IS_TASK_DISPLAY_AREA leash=Surface(name=DefaultTaskDisplayArea)/@0x5932980 sb=Rect(0, 0 - 1080, 2400) eb=Rect(0, 0 - 1080, 2400) epz=Point(1080, 2400) d=0}
08-13 03:20:22.751 V/WindowManager(  639):     ]}
08-13 03:20:22.753 V/WindowManagerShell(  888):  animated by com.android.wm.shell.keyguard.KeyguardTransitionHandler@fd9e655
08-13 03:20:22.770 V/WindowManagerShell(  888): Transition animation finished (aborted=false), notifying core (#44) android.os.BinderProxy@6c70829@0
08-13 03:20:22.772 V/WindowManager(  639): Finish Transition (#44): created at 08-13 03:20:22.692 collect-started=0.079ms request-sent=0.09ms started=2.588ms ready=2.581ms sent=57.936ms commit=5.638ms finished=79.826ms
08-13 03:20:22.774 V/WindowManagerShell(  888): Track 0 became idle
08-13 03:20:22.774 V/WindowManagerShell(  888): All active transition animations finished
08-13 03:20:25.493 W/ActivityManager(  639): Unable to start service Intent { act=android.service.contentsuggestions.ContentSuggestionsService cmp=com.google.android.as/com.google.android.apps.miphone.aiai.app.AiAiContentSuggestionsService } U=0: not found
08-13 03:20:25.493 W/ActivityManager(  639): Unbind failed: could not find connection for android.app.LoadedApk$ServiceDispatcher$InnerConnection@78f35fb
08-13 03:20:25.495 W/ActivityManager(  639): Unable to start service Intent { act=android.service.contentsuggestions.ContentSuggestionsService cmp=com.google.android.as/com.google.android.apps.miphone.aiai.app.AiAiContentSuggestionsService } U=0: not found
08-13 03:20:25.495 W/ActivityManager(  639): Unbind failed: could not find connection for android.app.LoadedApk$ServiceDispatcher$InnerConnection@2e83871
08-13 03:20:25.510 W/ActivityManager(  639): Unable to start service Intent { act=android.service.contentsuggestions.ContentSuggestionsService cmp=com.google.android.as/com.google.android.apps.miphone.aiai.app.AiAiContentSuggestionsService } U=0: not found
08-13 03:20:25.510 W/ActivityManager(  639): Unbind failed: could not find connection for android.app.LoadedApk$ServiceDispatcher$InnerConnection@1e82030
08-13 03:20:25.761 W/ActivityManager(  639): Unable to start service Intent { act=android.service.contentsuggestions.ContentSuggestionsService cmp=com.google.android.as/com.google.android.apps.miphone.aiai.app.AiAiContentSuggestionsService } U=0: not found
08-13 03:20:25.761 W/ActivityManager(  639): Unbind failed: could not find connection for android.app.LoadedApk$ServiceDispatcher$InnerConnection@f3629cf
08-13 03:20:33.284 D/ActivityManager(  639): freezing 1597 com.google.android.googlequicksearchbox:search
08-13 03:20:48.361 D/ActivityManager(  639): freezing 1456 com.google.android.gms
08-13 03:20:49.527 D/ActivityManager(  639): sync unfroze 1456 com.google.android.gms for 6
08-13 03:20:53.955 D/ActivityManager(  639): freezing 2111 com.google.android.apps.messaging
08-13 03:21:06.611 D/ActivityManager(  639): freezing 1456 com.google.android.gms
08-13 03:23:13.426 D/InstallDependencyHelper(  639): No missing dependency for com.wakeupoverlay
08-13 03:23:13.432 I/PackageManager(  639): Update package com.wakeupoverlay code path from /data/app/~~lSJe2BgpVzA42JkFCPjC3g==/com.wakeupoverlay-WfbZnAEDogVqbGio5xLifA== to /data/app/vmdl997273013.tmp; Retain data and using new
08-13 03:23:13.518 I/AppsFilter(  639): interaction: PackageSetting{e9f5d11 com.android.microdroid.empty_payload/10193} -> PackageSetting{38fa877 com.wakeupoverlay/10211} BLOCKED
08-13 03:23:13.518 I/AppsFilter(  639): interaction: PackageSetting{e9f5d11 com.android.microdroid.empty_payload/10193} -> PackageSetting{abc37ab com.wakeupoverlay/10211} BLOCKED
08-13 03:23:13.543 I/ActivityManager(  639): Force stopping com.wakeupoverlay appid=10211 user=-1: installPackageLI
08-13 03:23:13.544 I/PackageManager(  639): installation completed:com.wakeupoverlay
08-13 03:23:13.545 I/AppsFilter(  639): interaction: PackageSetting{a418a35 com.android.microdroid.empty_payload/10193} -> PackageSetting{39714 com.wakeupoverlay/10211} BLOCKED
08-13 03:23:13.547 I/ActivityManager(  639):   Force stopping service ServiceRecord{9f51a4 u0 com.wakeupoverlay/.WakeupListenerService c:com.wakeupoverlay}
08-13 03:23:13.548 W/ForegroundServiceTypeLoggerModule(  639): Logger should be tracking FGS types correctly for UID 10211 in package com.wakeupoverlay
08-13 03:23:13.548 W/ForegroundServiceTypeLoggerModule(  639): Logger should be tracking FGS types correctly for UID 10211 in package com.wakeupoverlay
08-13 03:23:13.555 I/ActivityManager(  639): Force stopping com.wakeupoverlay appid=10211 user=0: pkg removed
08-13 03:23:13.570 D/ActivityThread( 2241): Package [com.wakeupoverlay] reported as REPLACED, but missing application info. Assuming REMOVED.
08-13 03:23:13.571 D/ActivityThread( 1062): Package [com.wakeupoverlay] reported as REPLACED, but missing application info. Assuming REMOVED.
08-13 03:23:13.572 D/ActivityThread( 1193): Package [com.wakeupoverlay] reported as REPLACED, but missing application info. Assuming REMOVED.
08-13 03:23:13.574 D/ActivityThread( 3482): Package [com.wakeupoverlay] reported as REPLACED, but missing application info. Assuming REMOVED.
08-13 03:23:13.575 D/ActivityThread( 1106): Package [com.wakeupoverlay] reported as REPLACED, but missing application info. Assuming REMOVED.
08-13 03:23:13.575 D/ActivityThread(  639): Package [com.wakeupoverlay] reported as REPLACED, but missing application info. Assuming REMOVED.
08-13 03:23:13.576 D/ActivityThread( 3434): Package [com.wakeupoverlay] reported as REPLACED, but missing application info. Assuming REMOVED.
08-13 03:23:13.576 D/ActivityThread(  888): Package [com.wakeupoverlay] reported as REPLACED, but missing application info. Assuming REMOVED.
08-13 03:23:13.577 D/ActivityThread( 1048): Package [com.wakeupoverlay] reported as REPLACED, but missing application info. Assuming REMOVED.
08-13 03:23:13.578 D/ActivityThread( 1005): Package [com.wakeupoverlay] reported as REPLACED, but missing application info. Assuming REMOVED.
08-13 03:23:13.581 D/ActivityThread( 1556): Package [com.wakeupoverlay] reported as REPLACED, but missing application info. Assuming REMOVED.
08-13 03:23:13.584 D/ActivityThread( 1532): Package [com.wakeupoverlay] reported as REPLACED, but missing application info. Assuming REMOVED.
08-13 03:23:13.584 D/ActivityThread( 1509): Package [com.wakeupoverlay] reported as REPLACED, but missing application info. Assuming REMOVED.
08-13 03:23:13.586 W/PackageConfigPersister(  639): App-specific configuration not found for packageName: com.wakeupoverlay and userId: 0
08-13 03:23:13.589 D/ActivityThread( 1406): Package [com.wakeupoverlay] reported as REPLACED, but missing application info. Assuming REMOVED.
08-13 03:23:13.590 D/ActivityThread( 1037): Package [com.wakeupoverlay] reported as REPLACED, but missing application info. Assuming REMOVED.
08-13 03:23:13.615 D/ActivityThread( 1492): Package [com.wakeupoverlay] reported as REPLACED, but missing application info. Assuming REMOVED.
08-13 03:23:13.620 D/ActivityManager(  639): sync unfroze 4975 com.android.vending:background for 3
08-13 03:23:13.624 D/ActivityManager(  639): sync unfroze 4884 com.android.vending for 3
08-13 03:23:13.625 D/PackageUpdatedTask( 1062): Package updated: mOp=UPDATE packages=[com.wakeupoverlay], user=UserHandle{0}
08-13 03:23:13.633 D/ActivityManager(  639): sync unfroze 1232 com.google.android.permissioncontroller for 3
08-13 03:23:13.635 D/CarrierSvcBindHelper( 1048): onPackageUpdateFinished: com.wakeupoverlay
08-13 03:23:13.648 D/ActivityThread( 4975): Package [com.wakeupoverlay] reported as REPLACED, but missing application info. Assuming REMOVED.
08-13 03:23:13.652 D/ActivityThread( 1232): Package [com.wakeupoverlay] reported as REPLACED, but missing application info. Assuming REMOVED.
08-13 03:23:13.665 D/CarrierSvcBindHelper( 1048): onPackageModified: com.wakeupoverlay
08-13 03:23:13.689 I/SafetyLabelChangedBroadcastReceiver( 1232): received broadcast packageName: com.wakeupoverlay, current user: UserHandle{0}, packageChangeEvent: UPDATE, intent user: UserHandle{0}
08-13 03:23:13.690 I/SdkSandboxManager(  639): No SDKs used. Skipping SDK data reconcilation for CallingInfo{mUid=10211, mPackageName='com.wakeupoverlay, mAppProcessToken='null'}
08-13 03:23:13.691 D/ActivityThread( 1062): Package [com.wakeupoverlay] reported as REPLACED, but missing application info. Assuming REMOVED.
08-13 03:23:13.692 D/ActivityThread( 1406): Package [com.wakeupoverlay] reported as REPLACED, but missing application info. Assuming REMOVED.
08-13 03:23:13.692 D/ActivityThread( 2241): Package [com.wakeupoverlay] reported as REPLACED, but missing application info. Assuming REMOVED.
08-13 03:23:13.692 D/ActivityThread( 1509): Package [com.wakeupoverlay] reported as REPLACED, but missing application info. Assuming REMOVED.
08-13 03:23:13.692 D/ActivityThread( 1532): Package [com.wakeupoverlay] reported as REPLACED, but missing application info. Assuming REMOVED.
08-13 03:23:13.693 D/ActivityThread( 1492): Package [com.wakeupoverlay] reported as REPLACED, but missing application info. Assuming REMOVED.
08-13 03:23:13.693 D/ActivityThread( 3482): Package [com.wakeupoverlay] reported as REPLACED, but missing application info. Assuming REMOVED.
08-13 03:23:13.693 D/ActivityThread( 1106): Package [com.wakeupoverlay] reported as REPLACED, but missing application info. Assuming REMOVED.
08-13 03:23:13.694 D/ActivityThread( 3434): Package [com.wakeupoverlay] reported as REPLACED, but missing application info. Assuming REMOVED.
08-13 03:23:13.694 D/ActivityThread( 1193): Package [com.wakeupoverlay] reported as REPLACED, but missing application info. Assuming REMOVED.
08-13 03:23:13.694 D/ActivityThread( 1037): Package [com.wakeupoverlay] reported as REPLACED, but missing application info. Assuming REMOVED.
08-13 03:23:13.695 D/ActivityThread( 1556): Package [com.wakeupoverlay] reported as REPLACED, but missing application info. Assuming REMOVED.
08-13 03:23:13.695 D/ActivityThread( 1005): Package [com.wakeupoverlay] reported as REPLACED, but missing application info. Assuming REMOVED.
08-13 03:23:13.700 D/ActivityThread( 4884): Package [com.wakeupoverlay] reported as REPLACED, but missing application info. Assuming REMOVED.
08-13 03:23:13.700 D/ActivityThread(  888): Package [com.wakeupoverlay] reported as REPLACED, but missing application info. Assuming REMOVED.
